interactions:
- request:
    body: null
    headers:
      Accept: ['*/*']
      Accept-Encoding: ['gzip, deflate']
      Connection: [keep-alive]
      User-Agent: [python-requests/2.18.4]
    method: GET
    uri: http://localhost:8090/SDKTestingService/request/enable?apiName=DeleteSwiftPassword&serviceName=identity&lang=PythonCLI
  response:
    body: {string: 'true'}
    headers:
      Content-Length: ['4']
      Content-Type: [text/plain]
      Date: ['Tue, 04 Sep 2018 17:54:07 GMT']
      Server: [Jetty(9.2.14.v20151106)]
    status: {code: 200, message: OK}
- request:
    body: null
    headers:
      Accept: ['*/*']
      Accept-Encoding: ['gzip, deflate']
      Connection: [keep-alive]
      User-Agent: [python-requests/2.18.4]
    method: GET
    uri: http://localhost:8090/SDKTestingService/request?sessionId=0277&apiName=DeleteSwiftPassword&serviceName=identity&lang=PythonCLI
  response:
    body: {string: '[{"containerId":"72fb4c5d-69eb-4d24-9402-17d3f00d6383","request":{"userId":"ocid1.user.oc1..aaaaaaaasmhk3nzhkx4o6hpz22uqltsgcb6jplnzzvgeozb5asvn4aftatfa","swiftPasswordId":"ocid1.credential.oc1..aaaaaaaafsvmdtqfhtsqcx6qgqh5fq2ujavehdmbqxdihehfj7ycyivuzyla"}}]'}
    headers:
      Content-Length: ['259']
      Content-Type: [application/json]
      Date: ['Tue, 04 Sep 2018 17:54:07 GMT']
      Server: [Jetty(9.2.14.v20151106)]
    status: {code: 200, message: OK}
- request:
    body: null
    headers:
      accept: [application/json]
      accept-encoding: ['gzip, deflate']
      authorization: ['Signature algorithm="rsa-sha256",headers="date (request-target)
          host",keyId="ocid1.tenancy.oc1..aaaaaaaa3vi3ft3yi3sq4nhiql4nvbzjz6gipbn72h7werl6njs6xsq4wgdq/ocid1.user.oc1..aaaaaaaae7by6r5rz3iw4otx6ukjauol6vlilvljmxdy5bgiz637gpo2zcpa/89:0d:e5:99:ab:f7:f2:12:a4:ba:c8:8f:70:13:e4:5f",signature="JUCVmnqt4af8fuU2DQS3vjFPcxezoSSktzhCpifQd5LxIEEy+9RHs/JjKzUQJs8MnqsFkS5xeSiETsKY7Zx+D3qfKH5qZ2b+OYvizvN1xpZyoPUUZ/kNQ4O3tZWPu4L8BPeS266gg64mPIONX62vzMVYV7UNuhwdEKkYw2ADOMCTG8CWrlZqT+P/3PuFpSC1KiVX3Hl6bLl+4IdbwZhaBheXF+J/Wj7ClC4dvKGBUdwzjvXx5ZMo5Wgb+NY7iczJrd+PfwClBbG0+7rZzSga618hJuVTDSCtJG7oWBFi2hil22sEHLBnMIi6FmXhWzlo8dlazqzosssMx7ck/gsPjw==",version="1"']
      connection: [keep-alive]
      content-length: ['0']
      content-type: [application/json]
      date: ['Tue, 04 Sep 2018 17:54:07 GMT']
      host: [identity.us-phoenix-1.oraclecloud.com]
      opc-client-info: [Oracle-PythonSDK/2.0.3]
      opc-request-id: [9467D82A32F74211A147539D06DB62E6]
      user-agent: [Oracle-PythonSDK/2.0.3 (python 3.5.3; x86_64-Darwin) Oracle-PythonCLI/2.4.32]
    method: DELETE
    uri: https://identity.us-phoenix-1.oraclecloud.com/20160918/users/ocid1.user.oc1..aaaaaaaasmhk3nzhkx4o6hpz22uqltsgcb6jplnzzvgeozb5asvn4aftatfa/swiftPasswords/ocid1.credential.oc1..aaaaaaaafsvmdtqfhtsqcx6qgqh5fq2ujavehdmbqxdihehfj7ycyivuzyla
  response:
    body: {string: ''}
    headers:
      Connection: [keep-alive]
      Content-Type: [application/json]
      Date: ['Tue, 04 Sep 2018 17:54:07 GMT']
      opc-request-id: [9467D82A32F74211A147539D06DB62E6/DBC4FFF6D366BF314C9CD2C1126C8802/0D7399CCAF0E120B6E2A6F9F9D43A8D8]
    status: {code: 204, message: No Content}
- request:
    body: '{"responseJson": "{\"opcRequestId\": \"839A1C8F6CF54CE390F7418F78D6D61C\"}",
      "requestJson": "{\"swiftPasswordId\": \"ocid1.credential.oc1..aaaaaaaafsvmdtqfhtsqcx6qgqh5fq2ujavehdmbqxdihehfj7ycyivuzyla\",
      \"userId\": \"ocid1.user.oc1..aaaaaaaasmhk3nzhkx4o6hpz22uqltsgcb6jplnzzvgeozb5asvn4aftatfa\"}",
      "containerId": "72fb4c5d-69eb-4d24-9402-17d3f00d6383", "requestClass": "com.oracle.bmc.identity.requests.DeleteSwiftPasswordRequest",
      "responseClass": "com.oracle.bmc.identity.responses.DeleteSwiftPasswordResponse"}'
    headers:
      Accept: ['*/*']
      Accept-Encoding: ['gzip, deflate']
      Connection: [keep-alive]
      Content-Length: ['514']
      User-Agent: [python-requests/2.18.4]
    method: POST
    uri: http://localhost:8090/SDKTestingService/response?sessionId=0277&lang=PythonCLI
  response:
    body: {string: ''}
    headers:
      Content-Length: ['0']
      Content-Type: [text/plain]
      Date: ['Tue, 04 Sep 2018 17:54:07 GMT']
      Server: [Jetty(9.2.14.v20151106)]
    status: {code: 200, message: OK}
version: 1
