interactions:
- request:
    body: null
    headers:
      Accept: ['*/*']
      Accept-Encoding: ['gzip, deflate']
      Connection: [keep-alive]
      User-Agent: [python-requests/2.21.0]
    method: GET
    uri: http://localhost:8090/SDKTestingService/request/enable?lang=PythonCLI&serviceName=monitoring&apiName=SummarizeMetricsData
  response:
    body: {string: 'true'}
    headers:
      Content-Length: ['4']
      Content-Type: [text/plain]
      Date: ['Fri, 22 Feb 2019 15:55:21 GMT']
      Server: [Jetty(9.4.7.v20170914)]
    status: {code: 200, message: OK}
- request:
    body: null
    headers:
      Accept: ['*/*']
      Accept-Encoding: ['gzip, deflate']
      Connection: [keep-alive]
      User-Agent: [python-requests/2.21.0]
    method: GET
    uri: http://localhost:8090/SDKTestingService/request?serviceName=monitoring&apiName=SummarizeMetricsData&lang=PythonCLI&sessionId=0337
  response:
    body: {string: '[{"containerId":"a6a84ed4-c389-47e3-91eb-36422672c51b","request":{"compartmentId":"ocid1.tenancy.oc1..aaaaaaaarezxy4xq7jaujylzy7ron3biubdnlvagxeoz6kx7gykcr4brbypq","summarizeMetricsDataDetails":{"namespace":"oci_telemetry","query":"RequestCount[1m].sum()
        > 0","startTime":"2019-02-22T15:50:21.987Z","endTime":"2019-02-22T15:55:21.987Z","resolution":"1m"}}}]'}
    headers:
      Content-Length: ['357']
      Content-Type: [text/plain]
      Date: ['Fri, 22 Feb 2019 15:55:21 GMT']
      Server: [Jetty(9.4.7.v20170914)]
    status: {code: 200, message: OK}
- request:
    body: '{"namespace": "oci_telemetry", "query": "RequestCount[1m].sum() > 0", "startTime":
      "2019-02-22T15:50:21.987Z", "endTime": "2019-02-22T15:55:21.987Z", "resolution":
      "1m"}'
    headers:
      Content-Length: ['169']
      accept: [application/json]
      accept-encoding: ['gzip, deflate']
      authorization: ['Signature algorithm="rsa-sha256",headers="date (request-target)
          host content-length content-type x-content-sha256",keyId="ocid1.tenancy.oc1..aaaaaaaarezxy4xq7jaujylzy7ron3biubdnlvagxeoz6kx7gykcr4brbypq/ocid1.user.oc1..aaaaaaaa6srah3qsdcznyzb5uvradoid5a5tpbz22yj6vywbrnj45xf5sv3a/ea:97:59:7d:bc:75:53:5e:0f:9c:c2:fc:46:e3:ad:e4",signature="QmtLLBOHy2ijDLzz72aPymqjiFl3wAezFjw/WmWu+tO2sWoOFC2aR+0/pqeYvRZKHMz2TdLl43Fq575YjQ0TF1zK/zf4H+88i9n531wr8ZB4uCKCalS3zadgubKgYytJQZaYQaUEXhGd08rbU/YVESeRvHewx5JZqjWUL1FuAgNX2zBRqOTxw5LNBYhbKIes+qDic14RufaX0LEY1Lc5Q7Cv5+dWfoLqLpLo7+S5OnfyogEwRxr+dckWSbyiGyPKXWyCLCCi5uu9yOhP+n6X1qJqhKmb+sI48SK3qE2FFpZOhM3DAu8XrKoMYEX/6Ttvn+8lUF6jRJDhDA/KRSKk6w==",version="1"']
      connection: [keep-alive]
      content-type: [application/json]
      date: ['Fri, 22 Feb 2019 15:55:22 GMT']
      host: [telemetry.us-phoenix-1.oraclecloud.com]
      opc-client-info: [Oracle-PythonSDK/2.1.8+preview.1.700]
      opc-request-id: [016740F9C2B24009BB4CCC7D144CFE8F]
      user-agent: [Oracle-PythonSDK/2.1.8+preview.1.700 (python 3.7.2; x86_64-Darwin)
          Oracle-PythonCLI/2.4.45+preview.1]
      x-content-sha256: [KacNIKs3qdcFTHQCZn8eRdBXNGOb3KNTavPcjuF1ySM=]
    method: POST
    uri: https://telemetry.us-phoenix-1.oraclecloud.com/20180401/metrics/actions/summarizeMetricsData?compartmentId=ocid1.tenancy.oc1..aaaaaaaarezxy4xq7jaujylzy7ron3biubdnlvagxeoz6kx7gykcr4brbypq
  response:
    body: {string: "[ {\n  \"namespace\" : \"oci_telemetry\",\n  \"compartmentId\"\
        \ : \"ocid1.tenancy.oc1..aaaaaaaarezxy4xq7jaujylzy7ron3biubdnlvagxeoz6kx7gykcr4brbypq\"\
        ,\n  \"name\" : \"RequestCount\",\n  \"dimensions\" : {\n    \"region\" :\
        \ \"us-phoenix-1\",\n    \"resourceId\" : \"ocid1.instance.oc1.phx.abzwkljssf5km43qxaw6uae4ueoverosg265s7qqgeuoodz4z433gsuextcq\"\
        \n  },\n  \"metadata\" : { },\n  \"resolution\" : null,\n  \"aggregatedDatapoints\"\
        \ : [ {\n    \"timestamp\" : \"2019-02-22T15:51:00.000Z\",\n    \"value\"\
        \ : 1.0\n  } ]\n} ]"}
    headers:
      Content-Length: ['474']
      Content-Type: [application/json]
      Date: ['Fri, 22 Feb 2019 15:55:22 GMT']
      opc-request-id: [016740F9C2B24009BB4CCC7D144CFE8F/B16D3FE6FDE99B2CB3DF069568B137FF/E1D7B3451119499FAF54A2520F0F927E]
    status: {code: 200, message: OK}
- request:
    body: '{"containerId": "a6a84ed4-c389-47e3-91eb-36422672c51b", "requestClass":
      "com.oracle.bmc.monitoring.requests.SummarizeMetricsDataRequest", "requestJson":
      "{\"compartmentId\": \"ocid1.tenancy.oc1..aaaaaaaarezxy4xq7jaujylzy7ron3biubdnlvagxeoz6kx7gykcr4brbypq\",
      \"summarizeMetricsDataDetails\": {\"namespace\": \"oci_telemetry\", \"query\":
      \"RequestCount[1m].sum() > 0\", \"startTime\": \"2019-02-22T15:50:21.987Z\",
      \"endTime\": \"2019-02-22T15:55:21.987Z\", \"resolution\": \"1m\"}}", "responseJson":
      "{\"items\": [{\"aggregatedDatapoints\": [{\"timestamp\": \"2019-02-22T15:51:00+00:00\",
      \"value\": 1.0}], \"compartmentId\": \"ocid1.tenancy.oc1..aaaaaaaarezxy4xq7jaujylzy7ron3biubdnlvagxeoz6kx7gykcr4brbypq\",
      \"dimensions\": {\"region\": \"us-phoenix-1\", \"resourceId\": \"ocid1.instance.oc1.phx.abzwkljssf5km43qxaw6uae4ueoverosg265s7qqgeuoodz4z433gsuextcq\"},
      \"metadata\": {}, \"name\": \"RequestCount\", \"namespace\": \"oci_telemetry\",
      \"resolution\": null}], \"opcRequestId\": \"4CADD45D497240E3B722B2265402AAAB\"}",
      "responseClass": "com.oracle.bmc.monitoring.responses.SummarizeMetricsDataResponse"}'
    headers:
      Accept: ['*/*']
      Accept-Encoding: ['gzip, deflate']
      Connection: [keep-alive]
      Content-Length: ['1111']
      User-Agent: [python-requests/2.21.0]
    method: POST
    uri: http://localhost:8090/SDKTestingService/response?sessionId=0337&lang=PythonCLI
  response:
    body: {string: ''}
    headers:
      Content-Length: ['0']
      Content-Type: [text/plain]
      Date: ['Fri, 22 Feb 2019 15:55:22 GMT']
      Server: [Jetty(9.4.7.v20170914)]
    status: {code: 200, message: OK}
version: 1
