interactions:
- request:
    body: null
    headers:
      Accept: ['*/*']
      Accept-Encoding: ['gzip, deflate']
      Connection: [keep-alive]
      User-Agent: [python-requests/2.21.0]
    method: GET
    uri: http://docker.for.mac.localhost:9080/SDKTestingService/request/enable?apiName=TerminateInstancePool&serviceName=core&lang=PythonCLI
  response:
    body: {string: 'true'}
    headers:
      Content-Length: ['4']
      Content-Type: [text/plain]
      Date: ['Fri, 10 May 2019 01:20:47 GMT']
      Server: [Jetty(9.4.7.v20170914)]
    status: {code: 200, message: OK}
- request:
    body: null
    headers:
      Accept: ['*/*']
      Accept-Encoding: ['gzip, deflate']
      Connection: [keep-alive]
      User-Agent: [python-requests/2.21.0]
    method: GET
    uri: http://docker.for.mac.localhost:9080/SDKTestingService/request?sessionId=0592&apiName=TerminateInstancePool&serviceName=core&lang=PythonCLI
  response:
    body: {string: '[{"containerId":"9dc6b280-ea42-49ef-b175-7b864d1dacc6","request":{"instancePoolId":"ocid1.instancepool.oc1.phx.aaaaaaaaom7zmge5o2gmznlyz57qqyopjk5k52pkdw4lhx3m5stujfgdvzyq"}}]'}
    headers:
      Content-Length: ['175']
      Content-Type: [text/plain]
      Date: ['Fri, 10 May 2019 01:20:47 GMT']
      Server: [Jetty(9.4.7.v20170914)]
    status: {code: 200, message: OK}
- request:
    body: null
    headers:
      accept: [application/json]
      accept-encoding: ['gzip, deflate']
      authorization: ['Signature algorithm="rsa-sha256",headers="date (request-target)
          host",keyId="ocid1.tenancy.oc1..aaaaaaaaeoyapgtdcnhbomoi7d6sesv3rl2n6c6pxozdd73dsszomknbnsia/ocid1.user.oc1..aaaaaaaaf4xpc64kldjum6klyq4wngd4phz6cvwbbptbzhqbl4ho75apyttq/ea:af:af:07:17:e0:56:be:9f:30:09:76:a6:cf:20:fc",signature="lMR6g15RzrqVT3MNigvLVC4BfMI4EdnMytTmJtXkLxS5nWMIAMXroH5ti0Vd67HLQNHI6WXgtEWcDnaGCzOsNEfArQE+5gINNZm9mCjO/6H3DC12kVO5ijRPAyS2N40v5VtXJRYrGwd4bArrgIFHetivS6CVt8nOLYYe7/+ZA92YOK7l/Mv/YCDWdWJQnNY7XQ++Bc5LGjoHlFldjueXOwmkHFgD2l/P+mDfXKYr0xOTLI6LFby8twRZgVL8Z7FnwRUg4g8dX2QFou4oQWVY+toNISSw7s8QEk+gEWZeWVpOyRGGNI6HqT3cFDkb1a92gyCBlAHkmyzJWjyT6qNm0g==",version="1"']
      connection: [keep-alive]
      content-length: ['0']
      content-type: [application/json]
      date: ['Fri, 10 May 2019 01:20:47 GMT']
      host: [iaas.us-phoenix-1.oraclecloud.com]
      opc-client-info: [Oracle-PythonSDK/2.2.8+preview.1.0.126]
      opc-request-id: [46C5463558DC418EAB5E3F3396ACDC69]
      user-agent: [Oracle-PythonSDK/2.2.8+preview.1.0.126 (python 3.5.3; x86_64-Linux)
          Oracle-PythonCLI/2.5.9+preview.1]
    method: DELETE
    uri: https://iaas.us-phoenix-1.oraclecloud.com/20160918/instancePools/ocid1.instancepool.oc1.phx.aaaaaaaaom7zmge5o2gmznlyz57qqyopjk5k52pkdw4lhx3m5stujfgdvzyq
  response:
    body: {string: ''}
    headers:
      Connection: [keep-alive]
      Content-Type: [application/json]
      Date: ['Fri, 10 May 2019 01:20:47 GMT']
      X-Content-Type-Options: [nosniff]
      opc-request-id: [46C5463558DC418EAB5E3F3396ACDC69/26C9384D5F5725E1C9B761B96391EC6B/A8FBE270ECC5A107045970EB406F94B1]
    status: {code: 204, message: No Content}
- request:
    body: '{"responseJson": "{\"opcRequestId\": \"5EA725AF72604733A82F2CDD8CBBA9E5\"}",
      "requestJson": "{\"instancePoolId\": \"ocid1.instancepool.oc1.phx.aaaaaaaaom7zmge5o2gmznlyz57qqyopjk5k52pkdw4lhx3m5stujfgdvzyq\"}",
      "containerId": "9dc6b280-ea42-49ef-b175-7b864d1dacc6", "requestClass": "com.oracle.bmc.core.requests.TerminateInstancePoolRequest",
      "responseClass": "com.oracle.bmc.core.responses.TerminateInstancePoolResponse"}'
    headers:
      Accept: ['*/*']
      Accept-Encoding: ['gzip, deflate']
      Connection: [keep-alive]
      Content-Length: ['420']
      User-Agent: [python-requests/2.21.0]
    method: POST
    uri: http://docker.for.mac.localhost:9080/SDKTestingService/response?sessionId=0592&lang=PythonCLI
  response:
    body: {string: ''}
    headers:
      Content-Length: ['0']
      Content-Type: [text/plain]
      Date: ['Fri, 10 May 2019 01:20:47 GMT']
      Server: [Jetty(9.4.7.v20170914)]
    status: {code: 200, message: OK}
version: 1
