interactions:
- request:
    body: null
    headers:
      Accept: ['*/*']
      Accept-Encoding: ['gzip, deflate']
      Connection: [keep-alive]
      User-Agent: [python-requests/2.21.0]
    method: GET
    uri: http://localhost:8090/SDKTestingService/request/enable?apiName=UpdateLocalPeeringGateway&serviceName=core&lang=PythonCLI
  response:
    body: {string: 'true'}
    headers:
      Content-Length: ['4']
      Content-Type: [text/plain]
      Date: ['Thu, 28 Mar 2019 21:04:59 GMT']
      Server: [Jetty(9.4.7.v20170914)]
    status: {code: 200, message: OK}
- request:
    body: null
    headers:
      Accept: ['*/*']
      Accept-Encoding: ['gzip, deflate']
      Connection: [keep-alive]
      User-Agent: [python-requests/2.21.0]
    method: GET
    uri: http://localhost:8090/SDKTestingService/request?sessionId=0922&apiName=UpdateLocalPeeringGateway&serviceName=core&lang=PythonCLI
  response:
    body: {string: '[{"containerId":"3b96ac68-d340-4940-98fa-944d1f4aa38c","request":{"localPeeringGatewayId":"ocid1.localpeeringgateway.oc1.phx.aaaaaaaaodiyilt4l4tasdi3moifncqzva2t4td4nosa54vxbaca5pu24hga","updateLocalPeeringGatewayDetails":{"definedTags":{"testing_service_tag_ns_001":{"testing_service_tag_01":"tag4.__STS0922_9926","testing_service_tag_02":"tag5.__STS0922_9926","testing_service_tag_03":"tag6.__STS0922_9926"}},"displayName":"__STS0922_2304","freeformTags":{"tag1":"value1.__STS0922_2434","tag2":"value2.__STS0922_2434"},"routeTableId":"ocid1.routetable.oc1.phx.aaaaaaaarb6lct57aacgmfbota3ykwdaldlwfe3f6frxfqswmtewz74mceeq"}}}]'}
    headers:
      Content-Length: ['627']
      Content-Type: [text/plain]
      Date: ['Thu, 28 Mar 2019 21:05:00 GMT']
      Server: [Jetty(9.4.7.v20170914)]
    status: {code: 200, message: OK}
- request:
    body: '{"definedTags": {"testing_service_tag_ns_001": {"testing_service_tag_02":
      "tag5.__STS0922_9926", "testing_service_tag_01": "tag4.__STS0922_9926", "testing_service_tag_03":
      "tag6.__STS0922_9926"}}, "displayName": "__STS0922_2304", "routeTableId": "ocid1.routetable.oc1.phx.aaaaaaaarb6lct57aacgmfbota3ykwdaldlwfe3f6frxfqswmtewz74mceeq",
      "freeformTags": {"tag2": "value2.__STS0922_2434", "tag1": "value1.__STS0922_2434"}}'
    headers:
      Content-Length: ['418']
      accept: [application/json]
      accept-encoding: ['gzip, deflate']
      authorization: ['Signature algorithm="rsa-sha256",headers="date (request-target)
          host content-length content-type x-content-sha256",keyId="ocid1.tenancy.oc1..aaaaaaaarepczpw2gkmbq2l7g6vhstkzlth5v7z6zkthi6zsm7oyu52eznza/ocid1.user.oc1..aaaaaaaavxggrody3lzjvtcwpr47uvipnrbaotb33o6los3twruyvgsiqd4q/41:ab:71:c5:c9:8a:2d:d7:6a:48:b6:90:2c:91:a8:2b",signature="qGJBAzWdAuzkrQTBPMS/HZOiMQKHOKiuvWRyRqhM/D23eCl7gTZosqUg7bC/lEwF3KjANYEuoEmlM95g+E8pmduHbSAOnPpwcMSUHvjuy0RHTJFrbIbi5VMWsAcKHGOOBrx71eGmBdT/lWqlnjpfldT4LDnlxsqTkCMikk7u0U17reXaw726lxAmJ/MzrANcpKSMIGIu3Xmo97czqDFEWyX89iNP55SdUEWOLbodI2OwcozxQVTP6DJ9OT5mIFstIFVkQEspyjZr8mfqGxByrtC0n96nORof0lugfHVQ1y1BLt1ZWFq4tqUVM8S8moRUDmlAjbOXmh1HfCysMDbD9A==",version="1"']
      connection: [keep-alive]
      content-type: [application/json]
      date: ['Thu, 28 Mar 2019 21:05:06 GMT']
      host: [iaas.us-phoenix-1.oraclecloud.com]
      opc-client-info: [Oracle-PythonSDK/2.2.5+preview.1.774]
      opc-request-id: [9E3F0570E8224D20AC61CCD83C41652B]
      user-agent: [Oracle-PythonSDK/2.2.5+preview.1.774 (python 3.5.3; x86_64-Linux)
          Oracle-PythonCLI/2.5.6+preview.1]
      x-content-sha256: [cDT4+7Hk9hXgk4TUDaFbLt/On+HIioj5lss3izRzI8A=]
    method: PUT
    uri: https://iaas.us-phoenix-1.oraclecloud.com/20160918/localPeeringGateways/ocid1.localpeeringgateway.oc1.phx.aaaaaaaaodiyilt4l4tasdi3moifncqzva2t4td4nosa54vxbaca5pu24hga
  response:
    body: {string: "{\n  \"compartmentId\" : \"ocid1.compartment.oc1..aaaaaaaa4wap5jzxvxvdxhtesdkde7bovfuytevkkrpg43l44m6m5zoafqwa\"\
        ,\n  \"definedTags\" : {\n    \"testing_service_tag_ns_001\" : {\n      \"\
        testing_service_tag_01\" : \"tag4.__STS0922_9926\",\n      \"testing_service_tag_02\"\
        \ : \"tag5.__STS0922_9926\",\n      \"testing_service_tag_03\" : \"tag6.__STS0922_9926\"\
        \n    }\n  },\n  \"displayName\" : \"__STS0922_2304\",\n  \"freeformTags\"\
        \ : {\n    \"tag1\" : \"value1.__STS0922_2434\",\n    \"tag2\" : \"value2.__STS0922_2434\"\
        \n  },\n  \"id\" : \"ocid1.localpeeringgateway.oc1.phx.aaaaaaaaodiyilt4l4tasdi3moifncqzva2t4td4nosa54vxbaca5pu24hga\"\
        ,\n  \"isCrossTenancyPeering\" : false,\n  \"lifecycleState\" : \"AVAILABLE\"\
        ,\n  \"peeringStatus\" : \"NEW\",\n  \"peeringStatusDetails\" : \"Not connected\
        \ to a peer.\",\n  \"routeTableId\" : \"ocid1.routetable.oc1.phx.aaaaaaaarb6lct57aacgmfbota3ykwdaldlwfe3f6frxfqswmtewz74mceeq\"\
        ,\n  \"timeCreated\" : \"2019-03-28T21:05:04.613Z\",\n  \"vcnId\" : \"ocid1.vcn.oc1.phx.aaaaaaaaug3jdthfowp4ptfzuoerqemubrt72pguvbf4jd5pr5z6dnbjgjtq\"\
        \n}"}
    headers:
      Connection: [keep-alive]
      Content-Length: ['987']
      Content-Type: [application/json]
      Date: ['Thu, 28 Mar 2019 21:05:08 GMT']
      ETag: [10b25a44]
      X-Content-Type-Options: [nosniff]
      opc-request-id: [9E3F0570E8224D20AC61CCD83C41652B/78142F5DBBF7E4B8585B2E424DC4168C/243893BBFC2441EE92F4652830507E4C]
    status: {code: 200, message: OK}
- request:
    body: '{"responseJson": "{\"opcRequestId\": \"0D4D7A92D2B74C0287BB87AB2D853DC3\",
      \"etag\": \"10b25a44\", \"localPeeringGateway\": {\"definedTags\": {\"testing_service_tag_ns_001\":
      {\"testing_service_tag_02\": \"tag5.__STS0922_9926\", \"testing_service_tag_01\":
      \"tag4.__STS0922_9926\", \"testing_service_tag_03\": \"tag6.__STS0922_9926\"}},
      \"peeringStatusDetails\": \"Not connected to a peer.\", \"displayName\": \"__STS0922_2304\",
      \"isCrossTenancyPeering\": false, \"routeTableId\": \"ocid1.routetable.oc1.phx.aaaaaaaarb6lct57aacgmfbota3ykwdaldlwfe3f6frxfqswmtewz74mceeq\",
      \"lifecycleState\": \"AVAILABLE\", \"peeringStatus\": \"NEW\", \"peerAdvertisedCidr\":
      null, \"timeCreated\": \"2019-03-28T21:05:04.613000+00:00\", \"vcnId\": \"ocid1.vcn.oc1.phx.aaaaaaaaug3jdthfowp4ptfzuoerqemubrt72pguvbf4jd5pr5z6dnbjgjtq\",
      \"id\": \"ocid1.localpeeringgateway.oc1.phx.aaaaaaaaodiyilt4l4tasdi3moifncqzva2t4td4nosa54vxbaca5pu24hga\",
      \"compartmentId\": \"ocid1.compartment.oc1..aaaaaaaa4wap5jzxvxvdxhtesdkde7bovfuytevkkrpg43l44m6m5zoafqwa\",
      \"freeformTags\": {\"tag2\": \"value2.__STS0922_2434\", \"tag1\": \"value1.__STS0922_2434\"},
      \"peerAdvertisedCidrDetails\": null}}", "requestJson": "{\"updateLocalPeeringGatewayDetails\":
      {\"definedTags\": {\"testing_service_tag_ns_001\": {\"testing_service_tag_03\":
      \"tag6.__STS0922_9926\", \"testing_service_tag_01\": \"tag4.__STS0922_9926\",
      \"testing_service_tag_02\": \"tag5.__STS0922_9926\"}}, \"displayName\": \"__STS0922_2304\",
      \"routeTableId\": \"ocid1.routetable.oc1.phx.aaaaaaaarb6lct57aacgmfbota3ykwdaldlwfe3f6frxfqswmtewz74mceeq\",
      \"freeformTags\": {\"tag2\": \"value2.__STS0922_2434\", \"tag1\": \"value1.__STS0922_2434\"}},
      \"localPeeringGatewayId\": \"ocid1.localpeeringgateway.oc1.phx.aaaaaaaaodiyilt4l4tasdi3moifncqzva2t4td4nosa54vxbaca5pu24hga\"}",
      "containerId": "3b96ac68-d340-4940-98fa-944d1f4aa38c", "requestClass": "com.oracle.bmc.core.requests.UpdateLocalPeeringGatewayRequest",
      "responseClass": "com.oracle.bmc.core.responses.UpdateLocalPeeringGatewayResponse"}'
    headers:
      Accept: ['*/*']
      Accept-Encoding: ['gzip, deflate']
      Connection: [keep-alive]
      Content-Length: ['2023']
      User-Agent: [python-requests/2.21.0]
    method: POST
    uri: http://localhost:8090/SDKTestingService/response?sessionId=0922&lang=PythonCLI
  response:
    body: {string: ''}
    headers:
      Content-Length: ['0']
      Content-Type: [text/plain]
      Date: ['Thu, 28 Mar 2019 21:05:09 GMT']
      Server: [Jetty(9.4.7.v20170914)]
    status: {code: 200, message: OK}
version: 1
