interactions:
- request:
    body: null
    headers:
      Accept: ['*/*']
      Accept-Encoding: ['gzip, deflate']
      Connection: [keep-alive]
      User-Agent: [python-requests/2.18.4]
    method: GET
    uri: http://localhost:8090/SDKTestingService/request/enable?apiName=ListInstanceDevices&serviceName=core&lang=PythonCLI
  response:
    body: {string: 'true'}
    headers:
      Content-Length: ['4']
      Content-Type: [text/plain]
      Date: ['Tue, 16 Oct 2018 19:17:11 GMT']
      Server: [Jetty(9.2.14.v20151106)]
    status: {code: 200, message: OK}
- request:
    body: null
    headers:
      Accept: ['*/*']
      Accept-Encoding: ['gzip, deflate']
      Connection: [keep-alive]
      User-Agent: [python-requests/2.18.4]
    method: GET
    uri: http://localhost:8090/SDKTestingService/request?sessionId=0496&apiName=ListInstanceDevices&serviceName=core&lang=PythonCLI
  response:
    body: {string: '[{"containerId":"9cbb21ef-6be1-4881-bf4e-a5917e8c6394","request":{"instanceId":"ocid1.instance.oc1.phx.abyhqljs4nnusm6aitq7au4rxurlz4bkwktsn2h7rnuydsf22ouw6lx5e6ia","isAvailable":true,"limit":100}}]'}
    headers:
      Content-Length: ['198']
      Content-Type: [application/json]
      Date: ['Tue, 16 Oct 2018 19:19:22 GMT']
      Server: [Jetty(9.2.14.v20151106)]
    status: {code: 200, message: OK}
- request:
    body: null
    headers:
      accept: [application/json]
      accept-encoding: ['gzip, deflate']
      authorization: ['Signature algorithm="rsa-sha256",headers="date (request-target)
          host",keyId="ocidv1:tenancy:oc1:phx:1457633080752:aaaaaaaajuwrfl57l7oa3mtr6hu7hqwcme/ocid1.user.oc1..aaaaaaaajkelakm7otpeswpz7uv57hy6h54ehkbh3cwatue7brax6ynqdzyq/db:b2:e9:59:17:25:16:21:8b:1e:3d:35:5f:0c:b5:d4",signature="UaSu8LiXRylhlMlN5JL83Cj/xchZKJY0nP44R+8I9iUlDsRGM9a56MGURwaA5/cUr5NFXe9EjU2SnmELOPQwufhBZBP8euCc4Tbp/J2/cV4Hob7aVh/FwDxvz2LMHNjMAtA5Q4Qm0V1S9fZvJiw7qgz606W3yQjk1TeoA520hS4o5rLUju9ce7alUETUuezPPvNa4rpA8cWrTCaWI9GxL66YhYTgC4bQciHEhgRGSpdmKifD1OZETv82i3CchSb+Uzh2dk0IqoaBE4bb14j2Va/I7c8L9GjwuiYgz1V7K5QwLho2XLBRJ1sKJM3Rtu/1sFUO68jjc29RSuUE+l2whg==",version="1"']
      connection: [keep-alive]
      content-type: [application/json]
      date: ['Tue, 16 Oct 2018 19:21:31 GMT']
      host: [iaas.us-phoenix-1.oraclecloud.com]
      opc-client-info: [Oracle-PythonSDK/2.0.4+preview.1.358]
      opc-request-id: [185F28486F274FB38F73EA221DA3C6A8]
      user-agent: [Oracle-PythonSDK/2.0.4+preview.1.358 (python 3.5.3; x86_64-Darwin)
          Oracle-PythonCLI/2.4.33+preview.1]
    method: GET
    uri: https://iaas.us-phoenix-1.oraclecloud.com/20160918/instances/ocid1.instance.oc1.phx.abyhqljs4nnusm6aitq7au4rxurlz4bkwktsn2h7rnuydsf22ouw6lx5e6ia/devices?isAvailable=True&limit=100
  response:
    body: {string: "[ {\n  \"name\" : \"/dev/vdb\",\n  \"isAvailable\" : true\n},\
        \ {\n  \"name\" : \"/dev/vdc\",\n  \"isAvailable\" : true\n}, {\n  \"name\"\
        \ : \"/dev/vdd\",\n  \"isAvailable\" : true\n}, {\n  \"name\" : \"/dev/vde\"\
        ,\n  \"isAvailable\" : true\n}, {\n  \"name\" : \"/dev/vdf\",\n  \"isAvailable\"\
        \ : true\n}, {\n  \"name\" : \"/dev/vdg\",\n  \"isAvailable\" : true\n}, {\n\
        \  \"name\" : \"/dev/vdh\",\n  \"isAvailable\" : true\n}, {\n  \"name\" :\
        \ \"/dev/vdi\",\n  \"isAvailable\" : true\n}, {\n  \"name\" : \"/dev/vdj\"\
        ,\n  \"isAvailable\" : true\n}, {\n  \"name\" : \"/dev/vdk\",\n  \"isAvailable\"\
        \ : true\n}, {\n  \"name\" : \"/dev/vdl\",\n  \"isAvailable\" : true\n}, {\n\
        \  \"name\" : \"/dev/vdm\",\n  \"isAvailable\" : true\n}, {\n  \"name\" :\
        \ \"/dev/vdn\",\n  \"isAvailable\" : true\n}, {\n  \"name\" : \"/dev/vdo\"\
        ,\n  \"isAvailable\" : true\n}, {\n  \"name\" : \"/dev/vdp\",\n  \"isAvailable\"\
        \ : true\n}, {\n  \"name\" : \"/dev/vdq\",\n  \"isAvailable\" : true\n}, {\n\
        \  \"name\" : \"/dev/vdr\",\n  \"isAvailable\" : true\n}, {\n  \"name\" :\
        \ \"/dev/vds\",\n  \"isAvailable\" : true\n}, {\n  \"name\" : \"/dev/vdt\"\
        ,\n  \"isAvailable\" : true\n}, {\n  \"name\" : \"/dev/vdu\",\n  \"isAvailable\"\
        \ : true\n}, {\n  \"name\" : \"/dev/vdv\",\n  \"isAvailable\" : true\n}, {\n\
        \  \"name\" : \"/dev/vdw\",\n  \"isAvailable\" : true\n}, {\n  \"name\" :\
        \ \"/dev/vdx\",\n  \"isAvailable\" : true\n}, {\n  \"name\" : \"/dev/vdy\"\
        ,\n  \"isAvailable\" : true\n}, {\n  \"name\" : \"/dev/vdz\",\n  \"isAvailable\"\
        \ : true\n}, {\n  \"name\" : \"/dev/vdaa\",\n  \"isAvailable\" : true\n},\
        \ {\n  \"name\" : \"/dev/vdab\",\n  \"isAvailable\" : true\n}, {\n  \"name\"\
        \ : \"/dev/vdac\",\n  \"isAvailable\" : true\n}, {\n  \"name\" : \"/dev/vdad\"\
        ,\n  \"isAvailable\" : true\n}, {\n  \"name\" : \"/dev/vdae\",\n  \"isAvailable\"\
        \ : true\n}, {\n  \"name\" : \"/dev/vdaf\",\n  \"isAvailable\" : true\n} ]"}
    headers:
      Connection: [keep-alive]
      Content-Length: ['1589']
      Content-Type: [application/json]
      Date: ['Tue, 16 Oct 2018 19:21:31 GMT']
      opc-request-id: [185F28486F274FB38F73EA221DA3C6A8/8588EBDBFC884D2ABEC7CCFD80C28056/EE7F16515085CA2CB614D15B1FDC9E9D]
    status: {code: 200, message: OK}
- request:
    body: '{"responseJson": "{\"opcRequestId\": \"8520399F4C1F4DC3AC3E0D3018573442\",
      \"items\": [{\"isAvailable\": true, \"name\": \"/dev/vdb\"}, {\"isAvailable\":
      true, \"name\": \"/dev/vdc\"}, {\"isAvailable\": true, \"name\": \"/dev/vdd\"},
      {\"isAvailable\": true, \"name\": \"/dev/vde\"}, {\"isAvailable\": true, \"name\":
      \"/dev/vdf\"}, {\"isAvailable\": true, \"name\": \"/dev/vdg\"}, {\"isAvailable\":
      true, \"name\": \"/dev/vdh\"}, {\"isAvailable\": true, \"name\": \"/dev/vdi\"},
      {\"isAvailable\": true, \"name\": \"/dev/vdj\"}, {\"isAvailable\": true, \"name\":
      \"/dev/vdk\"}, {\"isAvailable\": true, \"name\": \"/dev/vdl\"}, {\"isAvailable\":
      true, \"name\": \"/dev/vdm\"}, {\"isAvailable\": true, \"name\": \"/dev/vdn\"},
      {\"isAvailable\": true, \"name\": \"/dev/vdo\"}, {\"isAvailable\": true, \"name\":
      \"/dev/vdp\"}, {\"isAvailable\": true, \"name\": \"/dev/vdq\"}, {\"isAvailable\":
      true, \"name\": \"/dev/vdr\"}, {\"isAvailable\": true, \"name\": \"/dev/vds\"},
      {\"isAvailable\": true, \"name\": \"/dev/vdt\"}, {\"isAvailable\": true, \"name\":
      \"/dev/vdu\"}, {\"isAvailable\": true, \"name\": \"/dev/vdv\"}, {\"isAvailable\":
      true, \"name\": \"/dev/vdw\"}, {\"isAvailable\": true, \"name\": \"/dev/vdx\"},
      {\"isAvailable\": true, \"name\": \"/dev/vdy\"}, {\"isAvailable\": true, \"name\":
      \"/dev/vdz\"}, {\"isAvailable\": true, \"name\": \"/dev/vdaa\"}, {\"isAvailable\":
      true, \"name\": \"/dev/vdab\"}, {\"isAvailable\": true, \"name\": \"/dev/vdac\"},
      {\"isAvailable\": true, \"name\": \"/dev/vdad\"}, {\"isAvailable\": true, \"name\":
      \"/dev/vdae\"}, {\"isAvailable\": true, \"name\": \"/dev/vdaf\"}]}", "requestJson":
      "{\"instanceId\": \"ocid1.instance.oc1.phx.abyhqljs4nnusm6aitq7au4rxurlz4bkwktsn2h7rnuydsf22ouw6lx5e6ia\",
      \"isAvailable\": true, \"limit\": 100}", "containerId": "9cbb21ef-6be1-4881-bf4e-a5917e8c6394",
      "requestClass": "com.oracle.bmc.core.requests.ListInstanceDevicesRequest", "responseClass":
      "com.oracle.bmc.core.responses.ListInstanceDevicesResponse"}'
    headers:
      Accept: ['*/*']
      Accept-Encoding: ['gzip, deflate']
      Connection: [keep-alive]
      Content-Length: ['1985']
      User-Agent: [python-requests/2.18.4]
    method: POST
    uri: http://localhost:8090/SDKTestingService/response?sessionId=0496&lang=PythonCLI
  response:
    body: {string: ''}
    headers:
      Content-Length: ['0']
      Content-Type: [text/plain]
      Date: ['Tue, 16 Oct 2018 19:21:31 GMT']
      Server: [Jetty(9.2.14.v20151106)]
    status: {code: 200, message: OK}
version: 1
