interactions:
- request:
    body: null
    headers:
      Accept: ['*/*']
      Accept-Encoding: ['gzip, deflate']
      Connection: [keep-alive]
      User-Agent: [python-requests/2.21.0]
    method: GET
    uri: http://localhost:8090/SDKTestingService/request/enable?apiName=ListFastConnectProviderServices&serviceName=core&lang=PythonCLI
  response:
    body: {string: 'true'}
    headers:
      Content-Length: ['4']
      Content-Type: [text/plain]
      Date: ['Thu, 28 Feb 2019 19:39:56 GMT']
      Server: [Jetty(9.4.7.v20170914)]
    status: {code: 200, message: OK}
- request:
    body: null
    headers:
      Accept: ['*/*']
      Accept-Encoding: ['gzip, deflate']
      Connection: [keep-alive]
      User-Agent: [python-requests/2.21.0]
    method: GET
    uri: http://localhost:8090/SDKTestingService/request?sessionId=0806&apiName=ListFastConnectProviderServices&serviceName=core&lang=PythonCLI
  response:
    body: {string: '[{"containerId":"9d7273af-ba6f-4dbc-9a9f-613e48890293","request":{"compartmentId":"ocid1.compartment.oc1..aaaaaaaa4wap5jzxvxvdxhtesdkde7bovfuytevkkrpg43l44m6m5zoafqwa","limit":10}}]'}
    headers:
      Content-Length: ['181']
      Content-Type: [text/plain]
      Date: ['Thu, 28 Feb 2019 19:39:58 GMT']
      Server: [Jetty(9.4.7.v20170914)]
    status: {code: 200, message: OK}
- request:
    body: null
    headers:
      accept: [application/json]
      accept-encoding: ['gzip, deflate']
      authorization: ['Signature algorithm="rsa-sha256",headers="date (request-target)
          host",keyId="ocid1.tenancy.oc1..aaaaaaaarepczpw2gkmbq2l7g6vhstkzlth5v7z6zkthi6zsm7oyu52eznza/ocid1.user.oc1..aaaaaaaavxggrody3lzjvtcwpr47uvipnrbaotb33o6los3twruyvgsiqd4q/de:55:09:69:53:e3:c0:d0:8d:ab:97:5f:7b:51:ec:cc",signature="nMnyxU+uVGByWt7xNTpt5gHu0T1QUES35ZiUZfRwSEp5/+9rBZZz4w0Znma+5yZJZ5/SThLfm9CyEmDVF7i1+5DWlw9rHUkI+BLgBM7UDP/OriA8ZjtWVVfJ/+aivAaMoIaROyoqXsNqq/lWi70qHEYbMEIq4cIL2T7HxkJbHbMvDW2KP2QkMd5GheavCICDFhzdOOlh9oL8YwhybKOe1tmKkWNdsfLVha9RHwlxPBf8e52eAvkqIy9OQQDS0EKnJhgM/aZhe0GadNpqnKIzJmsOAfcIWU5n+arLhN+27SGHqhQtGzbkEmN+3u6e9XZmY4gOwBzN75JnPQ38e+iDRg==",version="1"']
      connection: [keep-alive]
      content-type: [application/json]
      date: ['Thu, 28 Feb 2019 19:39:58 GMT']
      host: [iaas.us-phoenix-1.oraclecloud.com]
      opc-client-info: [Oracle-PythonSDK/2.2.1+preview.1.712]
      opc-request-id: [30D0065020F14652ACE8B13999F939C6]
      user-agent: [Oracle-PythonSDK/2.2.1+preview.1.712 (python 3.5.3; x86_64-Linux)
          Oracle-PythonCLI/2.5.2+preview.1]
    method: GET
    uri: https://iaas.us-phoenix-1.oraclecloud.com/20160918/fastConnectProviderServices?limit=10&compartmentId=ocid1.compartment.oc1..aaaaaaaa4wap5jzxvxvdxhtesdkde7bovfuytevkkrpg43l44m6m5zoafqwa
  response:
    body: {string: '[{"description":"https://www.centurylink.com/business/hybrid-it-cloud/cloud-connect.html","id":"ocid1.providerservice.oc1.phx.aaaaaaaa5dbfeyv4ndgbbd7j26a7yjzttgyxrh37jvrmmei6w7rikubd7lkq","privatePeeringBgpManagement":"CUSTOMER_MANAGED","providerName":"CenturyLink","providerServiceName":"Cloud
        Connect","publicPeeringBgpManagement":"ORACLE_MANAGED","supportedVirtualCircuitTypes":["PRIVATE","PUBLIC"],"customerAsnManagement":"CUSTOMER_MANAGED","providerServiceKeyManagement":"PROVIDER_MANAGED","bandwithShapeManagement":"CUSTOMER_MANAGED","requiredTotalCrossConnects":1,"type":"LAYER2"},{"description":"Verizon","id":"ocid1.providerservice.oc1.phx.aaaaaaaa7qf6aygb5iuis7oadx4ij4vmn2nisneaqkbvcvjty547tihxiama","privatePeeringBgpManagement":"PROVIDER_MANAGED","providerName":"Verizon","providerServiceName":"Service","publicPeeringBgpManagement":"ORACLE_MANAGED","supportedVirtualCircuitTypes":["PRIVATE"],"customerAsnManagement":"PROVIDER_MANAGED","providerServiceKeyManagement":"PROVIDER_MANAGED","bandwithShapeManagement":"CUSTOMER_MANAGED","requiredTotalCrossConnects":2,"type":"LAYER3"},{"description":"https://megaport.al/","id":"ocid1.providerservice.oc1.phx.aaaaaaaahsq7azrgct4mzdtlmdjwwolhxbz4p3htjfmmxbv3zs6sjj6te44q","privatePeeringBgpManagement":"CUSTOMER_MANAGED","providerName":"Megaport","providerServiceName":"VXC","publicPeeringBgpManagement":"ORACLE_MANAGED","supportedVirtualCircuitTypes":null,"customerAsnManagement":"CUSTOMER_MANAGED","providerServiceKeyManagement":"PROVIDER_MANAGED","bandwithShapeManagement":"CUSTOMER_MANAGED","requiredTotalCrossConnects":1,"type":"LAYER2"},{"description":"https://www.zayo.com/services/cloud-connectivity/\t","id":"ocid1.providerservice.oc1.phx.aaaaaaaaiscawhoymnpkudonpna3ohvh5bcu4e7bllxymfgtuavc4wwwliea","privatePeeringBgpManagement":"CUSTOMER_MANAGED","providerName":"Zayo","providerServiceName":"CloudLink","publicPeeringBgpManagement":"ORACLE_MANAGED","supportedVirtualCircuitTypes":["PRIVATE","PUBLIC"],"customerAsnManagement":"CUSTOMER_MANAGED","providerServiceKeyManagement":"PROVIDER_MANAGED","bandwithShapeManagement":"CUSTOMER_MANAGED","requiredTotalCrossConnects":1,"type":"LAYER2"},{"description":"https://www.edgeconnex.com/","id":"ocid1.providerservice.oc1.phx.aaaaaaaakaplcuq6oxfdcbeb2g2syfudupywyfelaajfbvoupz2ulljho3jq","privatePeeringBgpManagement":"CUSTOMER_MANAGED","providerName":"EdgeConneX","providerServiceName":"Cloud
        Services","publicPeeringBgpManagement":"ORACLE_MANAGED","supportedVirtualCircuitTypes":["PRIVATE","PUBLIC"],"customerAsnManagement":"CUSTOMER_MANAGED","providerServiceKeyManagement":"PROVIDER_MANAGED","bandwithShapeManagement":"CUSTOMER_MANAGED","requiredTotalCrossConnects":1,"type":"LAYER2"},{"description":"https://megaport.al/","id":"ocid1.providerservice.oc1.phx.aaaaaaaamj33a2ebotdg5jzwjmlrp7ufslcgl2r4skusfse4ijlgzqonvy3a","privatePeeringBgpManagement":"CUSTOMER_MANAGED","providerName":"Megaport","providerServiceName":"Service","publicPeeringBgpManagement":"ORACLE_MANAGED","supportedVirtualCircuitTypes":null,"customerAsnManagement":"CUSTOMER_MANAGED","providerServiceKeyManagement":"PROVIDER_MANAGED","bandwithShapeManagement":"CUSTOMER_MANAGED","requiredTotalCrossConnects":1,"type":"LAYER2"},{"description":"https://qtsdatacenters.com","id":"ocid1.providerservice.oc1.phx.aaaaaaaarzjvobr2cyhz2h4eujhlpyoltjo4zlfu74fre46kggiwkabuyxjq","privatePeeringBgpManagement":"CUSTOMER_MANAGED","providerName":"QTS","providerServiceName":"Cloud
        Connect","publicPeeringBgpManagement":"ORACLE_MANAGED","supportedVirtualCircuitTypes":null,"customerAsnManagement":"CUSTOMER_MANAGED","providerServiceKeyManagement":"PROVIDER_MANAGED","bandwithShapeManagement":"CUSTOMER_MANAGED","requiredTotalCrossConnects":1,"type":"LAYER2"},{"description":"https://marketplaceportal.com/web/guest/login","id":"ocid1.providerservice.oc1.phx.aaaaaaaashhewqxvazysllofspiuang2osntf5x4qjua2u2v4brcsjpmnlya","privatePeeringBgpManagement":"CUSTOMER_MANAGED","providerName":"Digital
        Realty","providerServiceName":"Service Exchange","publicPeeringBgpManagement":"ORACLE_MANAGED","supportedVirtualCircuitTypes":["PRIVATE","PUBLIC"],"customerAsnManagement":"CUSTOMER_MANAGED","providerServiceKeyManagement":"PROVIDER_MANAGED","bandwithShapeManagement":"CUSTOMER_MANAGED","requiredTotalCrossConnects":1,"type":"LAYER2"}]'}
    headers:
      Connection: [keep-alive]
      Content-Length: ['4294']
      Content-Type: [application/json]
      Date: ['Thu, 28 Feb 2019 19:40:01 GMT']
      X-Content-Type-Options: [nosniff]
      opc-request-id: [30D0065020F14652ACE8B13999F939C6/7F98C5C84E4E2378A56D2902D542B637/7F6408E10872CB69595D87D039BDC9A2]
    status: {code: 200, message: OK}
- request:
    body: '{"responseJson": "{\"opcRequestId\": \"FC67292F53AB4F04BB2545454887E118\",
      \"items\": [{\"description\": \"https://www.centurylink.com/business/hybrid-it-cloud/cloud-connect.html\",
      \"publicPeeringBgpManagement\": \"ORACLE_MANAGED\", \"providerName\": \"CenturyLink\",
      \"providerServiceKeyManagement\": \"PROVIDER_MANAGED\", \"requiredTotalCrossConnects\":
      1, \"bandwithShapeManagement\": \"CUSTOMER_MANAGED\", \"supportedVirtualCircuitTypes\":
      [\"PRIVATE\", \"PUBLIC\"], \"privatePeeringBgpManagement\": \"CUSTOMER_MANAGED\",
      \"id\": \"ocid1.providerservice.oc1.phx.aaaaaaaa5dbfeyv4ndgbbd7j26a7yjzttgyxrh37jvrmmei6w7rikubd7lkq\",
      \"type\": \"LAYER2\", \"providerServiceName\": \"Cloud Connect\", \"customerAsnManagement\":
      \"CUSTOMER_MANAGED\"}, {\"description\": \"Verizon\", \"publicPeeringBgpManagement\":
      \"ORACLE_MANAGED\", \"providerName\": \"Verizon\", \"providerServiceKeyManagement\":
      \"PROVIDER_MANAGED\", \"requiredTotalCrossConnects\": 2, \"bandwithShapeManagement\":
      \"CUSTOMER_MANAGED\", \"supportedVirtualCircuitTypes\": [\"PRIVATE\"], \"privatePeeringBgpManagement\":
      \"PROVIDER_MANAGED\", \"id\": \"ocid1.providerservice.oc1.phx.aaaaaaaa7qf6aygb5iuis7oadx4ij4vmn2nisneaqkbvcvjty547tihxiama\",
      \"type\": \"LAYER3\", \"providerServiceName\": \"Service\", \"customerAsnManagement\":
      \"PROVIDER_MANAGED\"}, {\"description\": \"https://megaport.al/\", \"publicPeeringBgpManagement\":
      \"ORACLE_MANAGED\", \"providerName\": \"Megaport\", \"providerServiceKeyManagement\":
      \"PROVIDER_MANAGED\", \"requiredTotalCrossConnects\": 1, \"bandwithShapeManagement\":
      \"CUSTOMER_MANAGED\", \"supportedVirtualCircuitTypes\": null, \"privatePeeringBgpManagement\":
      \"CUSTOMER_MANAGED\", \"id\": \"ocid1.providerservice.oc1.phx.aaaaaaaahsq7azrgct4mzdtlmdjwwolhxbz4p3htjfmmxbv3zs6sjj6te44q\",
      \"type\": \"LAYER2\", \"providerServiceName\": \"VXC\", \"customerAsnManagement\":
      \"CUSTOMER_MANAGED\"}, {\"description\": \"https://www.zayo.com/services/cloud-connectivity/\\t\",
      \"publicPeeringBgpManagement\": \"ORACLE_MANAGED\", \"providerName\": \"Zayo\",
      \"providerServiceKeyManagement\": \"PROVIDER_MANAGED\", \"requiredTotalCrossConnects\":
      1, \"bandwithShapeManagement\": \"CUSTOMER_MANAGED\", \"supportedVirtualCircuitTypes\":
      [\"PRIVATE\", \"PUBLIC\"], \"privatePeeringBgpManagement\": \"CUSTOMER_MANAGED\",
      \"id\": \"ocid1.providerservice.oc1.phx.aaaaaaaaiscawhoymnpkudonpna3ohvh5bcu4e7bllxymfgtuavc4wwwliea\",
      \"type\": \"LAYER2\", \"providerServiceName\": \"CloudLink\", \"customerAsnManagement\":
      \"CUSTOMER_MANAGED\"}, {\"description\": \"https://www.edgeconnex.com/\", \"publicPeeringBgpManagement\":
      \"ORACLE_MANAGED\", \"providerName\": \"EdgeConneX\", \"providerServiceKeyManagement\":
      \"PROVIDER_MANAGED\", \"requiredTotalCrossConnects\": 1, \"bandwithShapeManagement\":
      \"CUSTOMER_MANAGED\", \"supportedVirtualCircuitTypes\": [\"PRIVATE\", \"PUBLIC\"],
      \"privatePeeringBgpManagement\": \"CUSTOMER_MANAGED\", \"id\": \"ocid1.providerservice.oc1.phx.aaaaaaaakaplcuq6oxfdcbeb2g2syfudupywyfelaajfbvoupz2ulljho3jq\",
      \"type\": \"LAYER2\", \"providerServiceName\": \"Cloud Services\", \"customerAsnManagement\":
      \"CUSTOMER_MANAGED\"}, {\"description\": \"https://megaport.al/\", \"publicPeeringBgpManagement\":
      \"ORACLE_MANAGED\", \"providerName\": \"Megaport\", \"providerServiceKeyManagement\":
      \"PROVIDER_MANAGED\", \"requiredTotalCrossConnects\": 1, \"bandwithShapeManagement\":
      \"CUSTOMER_MANAGED\", \"supportedVirtualCircuitTypes\": null, \"privatePeeringBgpManagement\":
      \"CUSTOMER_MANAGED\", \"id\": \"ocid1.providerservice.oc1.phx.aaaaaaaamj33a2ebotdg5jzwjmlrp7ufslcgl2r4skusfse4ijlgzqonvy3a\",
      \"type\": \"LAYER2\", \"providerServiceName\": \"Service\", \"customerAsnManagement\":
      \"CUSTOMER_MANAGED\"}, {\"description\": \"https://qtsdatacenters.com\", \"publicPeeringBgpManagement\":
      \"ORACLE_MANAGED\", \"providerName\": \"QTS\", \"providerServiceKeyManagement\":
      \"PROVIDER_MANAGED\", \"requiredTotalCrossConnects\": 1, \"bandwithShapeManagement\":
      \"CUSTOMER_MANAGED\", \"supportedVirtualCircuitTypes\": null, \"privatePeeringBgpManagement\":
      \"CUSTOMER_MANAGED\", \"id\": \"ocid1.providerservice.oc1.phx.aaaaaaaarzjvobr2cyhz2h4eujhlpyoltjo4zlfu74fre46kggiwkabuyxjq\",
      \"type\": \"LAYER2\", \"providerServiceName\": \"Cloud Connect\", \"customerAsnManagement\":
      \"CUSTOMER_MANAGED\"}, {\"description\": \"https://marketplaceportal.com/web/guest/login\",
      \"publicPeeringBgpManagement\": \"ORACLE_MANAGED\", \"providerName\": \"Digital
      Realty\", \"providerServiceKeyManagement\": \"PROVIDER_MANAGED\", \"requiredTotalCrossConnects\":
      1, \"bandwithShapeManagement\": \"CUSTOMER_MANAGED\", \"supportedVirtualCircuitTypes\":
      [\"PRIVATE\", \"PUBLIC\"], \"privatePeeringBgpManagement\": \"CUSTOMER_MANAGED\",
      \"id\": \"ocid1.providerservice.oc1.phx.aaaaaaaashhewqxvazysllofspiuang2osntf5x4qjua2u2v4brcsjpmnlya\",
      \"type\": \"LAYER2\", \"providerServiceName\": \"Service Exchange\", \"customerAsnManagement\":
      \"CUSTOMER_MANAGED\"}]}", "requestJson": "{\"limit\": 10, \"compartmentId\":
      \"ocid1.compartment.oc1..aaaaaaaa4wap5jzxvxvdxhtesdkde7bovfuytevkkrpg43l44m6m5zoafqwa\"}",
      "containerId": "9d7273af-ba6f-4dbc-9a9f-613e48890293", "requestClass": "com.oracle.bmc.core.requests.ListFastConnectProviderServicesRequest",
      "responseClass": "com.oracle.bmc.core.responses.ListFastConnectProviderServicesResponse"}'
    headers:
      Accept: ['*/*']
      Accept-Encoding: ['gzip, deflate']
      Connection: [keep-alive]
      Content-Length: ['5323']
      User-Agent: [python-requests/2.21.0]
    method: POST
    uri: http://localhost:8090/SDKTestingService/response?sessionId=0806&lang=PythonCLI
  response:
    body: {string: ''}
    headers:
      Content-Length: ['0']
      Content-Type: [text/plain]
      Date: ['Thu, 28 Feb 2019 19:40:04 GMT']
      Server: [Jetty(9.4.7.v20170914)]
    status: {code: 200, message: OK}
version: 1
