interactions:
- request:
    body: null
    headers:
      Accept: ['*/*']
      Accept-Encoding: ['gzip, deflate']
      Connection: [keep-alive]
      User-Agent: [python-requests/2.21.0]
    method: GET
    uri: http://localhost:8090/SDKTestingService/request/enable?apiName=CreateDrgAttachment&serviceName=core&lang=PythonCLI
  response:
    body: {string: 'true'}
    headers:
      Content-Length: ['4']
      Content-Type: [text/plain]
      Date: ['Thu, 28 Mar 2019 20:53:02 GMT']
      Server: [Jetty(9.4.7.v20170914)]
    status: {code: 200, message: OK}
- request:
    body: null
    headers:
      Accept: ['*/*']
      Accept-Encoding: ['gzip, deflate']
      Connection: [keep-alive]
      User-Agent: [python-requests/2.21.0]
    method: GET
    uri: http://localhost:8090/SDKTestingService/request?sessionId=0922&apiName=CreateDrgAttachment&serviceName=core&lang=PythonCLI
  response:
    body: {string: '[{"containerId":"3b96ac68-d340-4940-98fa-944d1f4aa38c","request":{"createDrgAttachmentDetails":{"displayName":"__STS0922_5505","drgId":"ocid1.drg.oc1.phx.aaaaaaaa5htcnwtqgo553ughdamtolxhs2nux26gagdeffkdm32nyncnka2q","routeTableId":"ocid1.routetable.oc1.phx.aaaaaaaa7eiwlpucxjhaituyq5dkcxrlpbl4xyscstxwtqna7ukxailwfmga","vcnId":"ocid1.vcn.oc1.phx.aaaaaaaaiupxod77wzzceaxhocwr7i7gi7rzfnkambrl3gk3u77iht5elmrq"},"opcRetryToken":"b79fa147-ef1d-4a13-81f2-e44169c943a4"}}]'}
    headers:
      Content-Length: ['466']
      Content-Type: [text/plain]
      Date: ['Thu, 28 Mar 2019 20:53:03 GMT']
      Server: [Jetty(9.4.7.v20170914)]
    status: {code: 200, message: OK}
- request:
    body: '{"vcnId": "ocid1.vcn.oc1.phx.aaaaaaaaiupxod77wzzceaxhocwr7i7gi7rzfnkambrl3gk3u77iht5elmrq",
      "displayName": "__STS0922_5505", "drgId": "ocid1.drg.oc1.phx.aaaaaaaa5htcnwtqgo553ughdamtolxhs2nux26gagdeffkdm32nyncnka2q",
      "routeTableId": "ocid1.routetable.oc1.phx.aaaaaaaa7eiwlpucxjhaituyq5dkcxrlpbl4xyscstxwtqna7ukxailwfmga"}'
    headers:
      Content-Length: ['320']
      accept: [application/json]
      accept-encoding: ['gzip, deflate']
      authorization: ['Signature algorithm="rsa-sha256",headers="date (request-target)
          host content-length content-type x-content-sha256",keyId="ocid1.tenancy.oc1..aaaaaaaarepczpw2gkmbq2l7g6vhstkzlth5v7z6zkthi6zsm7oyu52eznza/ocid1.user.oc1..aaaaaaaavxggrody3lzjvtcwpr47uvipnrbaotb33o6los3twruyvgsiqd4q/41:ab:71:c5:c9:8a:2d:d7:6a:48:b6:90:2c:91:a8:2b",signature="uGC1a55bjHhfHREpu9cMOetrNoz59E+4oWhE2579xe8LAQEoheU2a/m4ifmy/bfHdSLawKyQJWu203yNOeYlP0XZMQxmpolYCq+y6ROCJCZ6rTXi+A7n6JORy0B2CATSTxfThJg206V+QWIMqPfYkoof//TNR1tekrVwvxMmti4JIuXoUoxuMXzrwui6pTlSwH8Pd2KYhT29pnsD+oMqpgd80ThODhs09qxAoJsRpxPMoxIEFDuXbg7oAYnaCifBPGbtacYk+RHonzL4sOiCRxaqVS44ySusvzy8USaMV8uRHyWMYBl5MUsy8Dj8qyFyyUWuuSymr8znwMtgJBUTSQ==",version="1"']
      connection: [keep-alive]
      content-type: [application/json]
      date: ['Thu, 28 Mar 2019 20:53:22 GMT']
      host: [iaas.us-phoenix-1.oraclecloud.com]
      opc-client-info: [Oracle-PythonSDK/2.2.5+preview.1.774]
      opc-request-id: [BB9229F4CD1443068414B052E25738BB]
      opc-retry-token: [nq1lwFK2ROHYLddusWzpFezsNer6MS]
      user-agent: [Oracle-PythonSDK/2.2.5+preview.1.774 (python 3.5.3; x86_64-Linux)
          Oracle-PythonCLI/2.5.6+preview.1]
      x-content-sha256: [1+4KqZfv/r2fWzaVoAKpCrBN7GQstUdD5ynzaAUNkZk=]
    method: POST
    uri: https://iaas.us-phoenix-1.oraclecloud.com/20160918/drgAttachments
  response:
    body: {string: "{\n  \"compartmentId\" : \"ocid1.compartment.oc1..aaaaaaaa4wap5jzxvxvdxhtesdkde7bovfuytevkkrpg43l44m6m5zoafqwa\"\
        ,\n  \"displayName\" : \"__STS0922_5505\",\n  \"drgId\" : \"ocid1.drg.oc1.phx.aaaaaaaa5htcnwtqgo553ughdamtolxhs2nux26gagdeffkdm32nyncnka2q\"\
        ,\n  \"id\" : \"ocid1.drgattachment.oc1.phx.aaaaaaaani36l4fzk36zf5zpx6pq7marbew4sskr4nzlnqxehmza36gqrnya\"\
        ,\n  \"lifecycleState\" : \"ATTACHING\",\n  \"routeTableId\" : \"ocid1.routetable.oc1.phx.aaaaaaaa7eiwlpucxjhaituyq5dkcxrlpbl4xyscstxwtqna7ukxailwfmga\"\
        ,\n  \"timeCreated\" : \"2019-03-28T20:53:24.662Z\",\n  \"vcnId\" : \"ocid1.vcn.oc1.phx.aaaaaaaaiupxod77wzzceaxhocwr7i7gi7rzfnkambrl3gk3u77iht5elmrq\"\
        \n}"}
    headers:
      Connection: [keep-alive]
      Content-Length: ['622']
      Content-Type: [application/json]
      Date: ['Thu, 28 Mar 2019 20:53:24 GMT']
      ETag: [6435ec6f]
      X-Content-Type-Options: [nosniff]
      opc-request-id: [BB9229F4CD1443068414B052E25738BB/6A2AED67B418CAB72326CC2BA9D78E1F/C5EAEC29FAA44143A82829CE5B8EF9F5]
    status: {code: 200, message: OK}
- request:
    body: '{"responseJson": "{\"drgAttachment\": {\"vcnId\": \"ocid1.vcn.oc1.phx.aaaaaaaaiupxod77wzzceaxhocwr7i7gi7rzfnkambrl3gk3u77iht5elmrq\",
      \"id\": \"ocid1.drgattachment.oc1.phx.aaaaaaaani36l4fzk36zf5zpx6pq7marbew4sskr4nzlnqxehmza36gqrnya\",
      \"compartmentId\": \"ocid1.compartment.oc1..aaaaaaaa4wap5jzxvxvdxhtesdkde7bovfuytevkkrpg43l44m6m5zoafqwa\",
      \"timeCreated\": \"2019-03-28T20:53:24.662000+00:00\", \"routeTableId\": \"ocid1.routetable.oc1.phx.aaaaaaaa7eiwlpucxjhaituyq5dkcxrlpbl4xyscstxwtqna7ukxailwfmga\",
      \"displayName\": \"__STS0922_5505\", \"drgId\": \"ocid1.drg.oc1.phx.aaaaaaaa5htcnwtqgo553ughdamtolxhs2nux26gagdeffkdm32nyncnka2q\",
      \"lifecycleState\": \"ATTACHING\"}, \"opcRequestId\": \"C58A3F3497F2402DAF95341F07226CF4\",
      \"etag\": \"6435ec6f\"}", "requestJson": "{\"createDrgAttachmentDetails\": {\"routeTableId\":
      \"ocid1.routetable.oc1.phx.aaaaaaaa7eiwlpucxjhaituyq5dkcxrlpbl4xyscstxwtqna7ukxailwfmga\",
      \"displayName\": \"__STS0922_5505\", \"drgId\": \"ocid1.drg.oc1.phx.aaaaaaaa5htcnwtqgo553ughdamtolxhs2nux26gagdeffkdm32nyncnka2q\",
      \"vcnId\": \"ocid1.vcn.oc1.phx.aaaaaaaaiupxod77wzzceaxhocwr7i7gi7rzfnkambrl3gk3u77iht5elmrq\"},
      \"opcRetryToken\": \"b79fa147-ef1d-4a13-81f2-e44169c943a4\"}", "containerId":
      "3b96ac68-d340-4940-98fa-944d1f4aa38c", "requestClass": "com.oracle.bmc.core.requests.CreateDrgAttachmentRequest",
      "responseClass": "com.oracle.bmc.core.responses.CreateDrgAttachmentResponse"}'
    headers:
      Accept: ['*/*']
      Accept-Encoding: ['gzip, deflate']
      Connection: [keep-alive]
      Content-Length: ['1415']
      User-Agent: [python-requests/2.21.0]
    method: POST
    uri: http://localhost:8090/SDKTestingService/response?sessionId=0922&lang=PythonCLI
  response:
    body: {string: ''}
    headers:
      Content-Length: ['0']
      Content-Type: [text/plain]
      Date: ['Thu, 28 Mar 2019 20:53:25 GMT']
      Server: [Jetty(9.4.7.v20170914)]
    status: {code: 200, message: OK}
version: 1
