interactions:
- request:
    body: null
    headers:
      Accept: ['*/*']
      Accept-Encoding: ['gzip, deflate']
      Connection: [keep-alive]
      User-Agent: [python-requests/2.21.0]
    method: GET
    uri: http://localhost:8090/SDKTestingService/request/enable?apiName=DeleteCpe&serviceName=core&lang=PythonCLI
  response:
    body: {string: 'true'}
    headers:
      Content-Length: ['4']
      Content-Type: [text/plain]
      Date: ['Thu, 28 Mar 2019 20:57:38 GMT']
      Server: [Jetty(9.4.7.v20170914)]
    status: {code: 200, message: OK}
- request:
    body: null
    headers:
      Accept: ['*/*']
      Accept-Encoding: ['gzip, deflate']
      Connection: [keep-alive]
      User-Agent: [python-requests/2.21.0]
    method: GET
    uri: http://localhost:8090/SDKTestingService/request?sessionId=0922&apiName=DeleteCpe&serviceName=core&lang=PythonCLI
  response:
    body: {string: '[{"containerId":"3b96ac68-d340-4940-98fa-944d1f4aa38c","request":{"cpeId":"ocid1.cpe.oc1.phx.aaaaaaaac34exvo6poibnnmngck2h3hikf6yur5gyy5feshk5yy7xh2heh7q"}}]'}
    headers:
      Content-Length: ['157']
      Content-Type: [text/plain]
      Date: ['Thu, 28 Mar 2019 20:57:39 GMT']
      Server: [Jetty(9.4.7.v20170914)]
    status: {code: 200, message: OK}
- request:
    body: null
    headers:
      accept: [application/json]
      accept-encoding: ['gzip, deflate']
      authorization: ['Signature algorithm="rsa-sha256",headers="date (request-target)
          host",keyId="ocid1.tenancy.oc1..aaaaaaaarepczpw2gkmbq2l7g6vhstkzlth5v7z6zkthi6zsm7oyu52eznza/ocid1.user.oc1..aaaaaaaavxggrody3lzjvtcwpr47uvipnrbaotb33o6los3twruyvgsiqd4q/41:ab:71:c5:c9:8a:2d:d7:6a:48:b6:90:2c:91:a8:2b",signature="KR9l+41Whl7oBKKW1nWQNDS2/Z207I2GeCNSIddKJM7iRcQwPVpLw2TdPMMfVjTxb4WuBubzbxQ3qyJlaDxrwRxjT2MT3i/k68vSKwb9HvIZg5/xYLbwrmoZS49M7giwCdtHhMQ4k97kF+BLEhTUuHK0498DGlBvRCeyRcl7LORGpzcifP/2MSl7QmMeKpPqJuG3ttubO1wGKUSCuqnRFwfbcc1q0m9uQvkB0FO+tQVaYH3uoenedJwT7GxoIryHecLMTQ3C9VClONXM6uDARPMkjy1nSEY+fa1KRuYqcqywE0925oCFCtdHPBoP3pFL8qNi2rItwvOr0E68xXmZFg==",version="1"']
      connection: [keep-alive]
      content-length: ['0']
      content-type: [application/json]
      date: ['Thu, 28 Mar 2019 20:57:40 GMT']
      host: [iaas.us-phoenix-1.oraclecloud.com]
      opc-client-info: [Oracle-PythonSDK/2.2.5+preview.1.774]
      opc-request-id: [9E50868D1DFD4A50BCB337D0D0DB723A]
      user-agent: [Oracle-PythonSDK/2.2.5+preview.1.774 (python 3.5.3; x86_64-Linux)
          Oracle-PythonCLI/2.5.6+preview.1]
    method: DELETE
    uri: https://iaas.us-phoenix-1.oraclecloud.com/20160918/cpes/ocid1.cpe.oc1.phx.aaaaaaaac34exvo6poibnnmngck2h3hikf6yur5gyy5feshk5yy7xh2heh7q
  response:
    body: {string: ''}
    headers:
      Connection: [keep-alive]
      Content-Type: [application/json]
      Date: ['Thu, 28 Mar 2019 20:57:42 GMT']
      X-Content-Type-Options: [nosniff]
      opc-request-id: [9E50868D1DFD4A50BCB337D0D0DB723A/EAB4F05E6B946CD623B4ABA9B363DAD3/A2BEB8E2550F4C3DF2E19282B8F190DF]
    status: {code: 204, message: No Content}
- request:
    body: '{"responseJson": "{\"opcRequestId\": \"EB303BD00254418F8B95C9BEF5218888\"}",
      "requestJson": "{\"cpeId\": \"ocid1.cpe.oc1.phx.aaaaaaaac34exvo6poibnnmngck2h3hikf6yur5gyy5feshk5yy7xh2heh7q\"}",
      "containerId": "3b96ac68-d340-4940-98fa-944d1f4aa38c", "requestClass": "com.oracle.bmc.core.requests.DeleteCpeRequest",
      "responseClass": "com.oracle.bmc.core.responses.DeleteCpeResponse"}'
    headers:
      Accept: ['*/*']
      Accept-Encoding: ['gzip, deflate']
      Connection: [keep-alive]
      Content-Length: ['378']
      User-Agent: [python-requests/2.21.0]
    method: POST
    uri: http://localhost:8090/SDKTestingService/response?sessionId=0922&lang=PythonCLI
  response:
    body: {string: ''}
    headers:
      Content-Length: ['0']
      Content-Type: [text/plain]
      Date: ['Thu, 28 Mar 2019 20:57:43 GMT']
      Server: [Jetty(9.4.7.v20170914)]
    status: {code: 200, message: OK}
version: 1
