interactions:
- request:
    body: null
    headers:
      Accept: ['*/*']
      Accept-Encoding: ['gzip, deflate']
      Connection: [keep-alive]
      User-Agent: [python-requests/2.18.4]
    method: GET
    uri: http://docker.for.mac.localhost:8090/SDKTestingService/request/enable?lang=PythonCLI&serviceName=core&apiName=UpdateVolumeKmsKey
  response:
    body: {string: 'true'}
    headers:
      content-length: ['4']
      content-type: [text/plain]
      date: ['Wed, 19 Sep 2018 06:31:24 GMT']
      server: [Jetty(9.2.14.v20151106)]
    status: {code: 200, message: OK}
- request:
    body: null
    headers:
      Accept: ['*/*']
      Accept-Encoding: ['gzip, deflate']
      Connection: [keep-alive]
      User-Agent: [python-requests/2.18.4]
    method: GET
    uri: http://docker.for.mac.localhost:8090/SDKTestingService/request?lang=PythonCLI&sessionId=0861&serviceName=core&apiName=UpdateVolumeKmsKey
  response:
    body: {string: '[{"containerId":"79b53842-ced4-4e19-85e4-64308ee294a0","request":{"volumeId":"ocid1.volume.oc1.iad.abuwcljskfqamrkqpboan3ajhpbv23nlyem2smgzwurehr3ctmhjszvjuesa","updateVolumeKmsKeyDetails":{"kmsKeyId":"ocid1.key.oc1.iad.annm5ag4aacuu.abuwcljr64khedka5u2rifk7r2lguhcmuzu4i4mjapcv2wrist6e6kzc7cyq"}}}]'}
    headers:
      content-length: ['299']
      content-type: [application/json]
      date: ['Wed, 19 Sep 2018 06:31:24 GMT']
      server: [Jetty(9.2.14.v20151106)]
    status: {code: 200, message: OK}
- request:
    body: '{"kmsKeyId": "ocid1.key.oc1.iad.annm5ag4aacuu.abuwcljr64khedka5u2rifk7r2lguhcmuzu4i4mjapcv2wrist6e6kzc7cyq"}'
    headers:
      Content-Length: ['108']
      accept: [application/json]
      accept-encoding: ['gzip, deflate']
      authorization: ['Signature algorithm="rsa-sha256",headers="date (request-target)
          host content-length content-type x-content-sha256",keyId="ocid1.tenancy.oc1..aaaaaaaaqc4e5bvje4gl6qj4qm7q34z2dxlmznnwf4fzybq5lwglaokqaruq/ocid1.user.oc1..aaaaaaaadt4eedbhv6ajkglxebmkdm4bwwlxvwrj66vtdhlo62ysxdwoqotq/d1:7b:e2:b7:14:4b:b3:9b:46:23:6a:25:92:30:3e:27",signature="qMN92NFDcO+m/ehZeuxCWaIrUVWymBTEj/0M9ICZCR9mYPVod3k10c4eSMyiEJrOtEw6OaduqzMMKwGu2DSoWQz+6neVSHp72kDmKw8YCfPBYC/vxL41GlsXHxc2l4iI8nyynoHRNiB65eNrDJvrIlNGEVWD6m3QR4EO02U3swq86i0stvwx3U5LcEZ2L8KDbpAz+O9ZniQtlxNY+iIcggpzqg2iB1tQw5yl7MRk6wq/YKN3bDpCyTXmFIwWhhWUd/XktwobRi13C7+OFSyJwkflUFLGOCrWQo/kpxuFWJ9JYJe/1ppzhQy+eFwSyPHUMHeXxc8OkGqJbrXMxI8Apw==",version="1"']
      connection: [keep-alive]
      content-type: [application/json]
      date: ['Wed, 19 Sep 2018 06:32:01 GMT']
      host: [iaas.us-ashburn-1.oraclecloud.com]
      opc-client-info: [Oracle-PythonSDK/2.0.4+preview.1.327]
      opc-request-id: [DE1768B83E534EABB6D7CD18F91A8C10]
      user-agent: [Oracle-PythonSDK/2.0.4+preview.1.327 (python 2.7.13; x86_64-Linux)
          Oracle-PythonCLI/2.4.33+preview.1]
      x-content-sha256: [dBvtUEQtZyQRKyXKOB1/cfS42tHG6VT++4zAaKryLxY=]
    method: PUT
    uri: https://iaas.us-ashburn-1.oraclecloud.com/20160918/volumes/ocid1.volume.oc1.iad.abuwcljskfqamrkqpboan3ajhpbv23nlyem2smgzwurehr3ctmhjszvjuesa/kmsKey
  response:
    body: {string: "{\n  \"kmsKeyId\" : \"ocid1.key.oc1.iad.annm5ag4aacuu.abuwcljt3b3cf6uje7ki7bb42hzp5nfjp3rhr57bilkk2cc65lpe4eqizjoq\"\
        \n}"}
    headers:
      connection: [keep-alive]
      content-length: ['113']
      content-type: [application/json]
      date: ['Wed, 19 Sep 2018 06:32:02 GMT']
      etag: ['-2119017762']
      opc-request-id: [DE1768B83E534EABB6D7CD18F91A8C10/773E397A64051C0E2071FC90556DB6AA/E0B137AD78EEB453F623016EB0C34307]
    status: {code: 200, message: OK}
- request:
    body: '{"responseJson": "{\"volumeKmsKey\": {\"kmsKeyId\": \"ocid1.key.oc1.iad.annm5ag4aacuu.abuwcljt3b3cf6uje7ki7bb42hzp5nfjp3rhr57bilkk2cc65lpe4eqizjoq\"},
      \"etag\": \"-2119017762\", \"opcRequestId\": \"4C345B6A0E304815A4CCD4A24E51E588\"}",
      "responseClass": "com.oracle.bmc.core.responses.UpdateVolumeKmsKeyResponse",
      "containerId": "79b53842-ced4-4e19-85e4-64308ee294a0", "requestJson": "{\"updateVolumeKmsKeyDetails\":
      {\"kmsKeyId\": \"ocid1.key.oc1.iad.annm5ag4aacuu.abuwcljr64khedka5u2rifk7r2lguhcmuzu4i4mjapcv2wrist6e6kzc7cyq\"},
      \"volumeId\": \"ocid1.volume.oc1.iad.abuwcljskfqamrkqpboan3ajhpbv23nlyem2smgzwurehr3ctmhjszvjuesa\"}",
      "requestClass": "com.oracle.bmc.core.requests.UpdateVolumeKmsKeyRequest"}'
    headers:
      Accept: ['*/*']
      Accept-Encoding: ['gzip, deflate']
      Connection: [keep-alive]
      Content-Length: ['706']
      User-Agent: [python-requests/2.18.4]
    method: POST
    uri: http://docker.for.mac.localhost:8090/SDKTestingService/response?lang=PythonCLI&sessionId=0861
  response:
    body: {string: ''}
    headers:
      content-length: ['0']
      content-type: [text/plain]
      date: ['Wed, 19 Sep 2018 06:32:02 GMT']
      server: [Jetty(9.2.14.v20151106)]
    status: {code: 200, message: OK}
- request:
    body: null
    headers:
      Accept: ['*/*']
      Accept-Encoding: ['gzip, deflate']
      Connection: [keep-alive]
      User-Agent: [python-requests/2.18.4]
    method: GET
    uri: http://docker.for.mac.localhost:8090/SDKTestingService/request/enable?apiName=UpdateVolumeKmsKey&serviceName=core&lang=PythonCLI
  response:
    body: {string: 'true'}
    headers:
      Content-Length: ['4']
      Content-Type: [text/plain]
      Date: ['Tue, 25 Sep 2018 02:35:12 GMT']
      Server: [Jetty(9.2.14.v20151106)]
    status: {code: 200, message: OK}
- request:
    body: null
    headers:
      Accept: ['*/*']
      Accept-Encoding: ['gzip, deflate']
      Connection: [keep-alive]
      User-Agent: [python-requests/2.18.4]
    method: GET
    uri: http://docker.for.mac.localhost:8090/SDKTestingService/request?sessionId=0032&apiName=UpdateVolumeKmsKey&serviceName=core&lang=PythonCLI
  response:
    body: {string: '[{"containerId":"f174ad4a-84f2-4b59-8dd2-416e1b4e6fad","request":{"volumeId":"ocid1.volume.oc1.iad.abuwcljsvjq5wtgbrqch4gt7s2o7q4lw2xz5b553g63ydopaqa26ifx6vrua","updateVolumeKmsKeyDetails":{"kmsKeyId":"ocid1.key.oc1.iad.annm5ag4aacuu.abuwcljr64khedka5u2rifk7r2lguhcmuzu4i4mjapcv2wrist6e6kzc7cyq"}}}]'}
    headers:
      Content-Length: ['299']
      Content-Type: [application/json]
      Date: ['Tue, 25 Sep 2018 02:35:12 GMT']
      Server: [Jetty(9.2.14.v20151106)]
    status: {code: 200, message: OK}
- request:
    body: '{"kmsKeyId": "ocid1.key.oc1.iad.annm5ag4aacuu.abuwcljr64khedka5u2rifk7r2lguhcmuzu4i4mjapcv2wrist6e6kzc7cyq"}'
    headers:
      Content-Length: ['108']
      accept: [application/json]
      accept-encoding: ['gzip, deflate']
      authorization: ['Signature algorithm="rsa-sha256",headers="date (request-target)
          host content-length content-type x-content-sha256",keyId="ocid1.tenancy.oc1..aaaaaaaaqc4e5bvje4gl6qj4qm7q34z2dxlmznnwf4fzybq5lwglaokqaruq/ocid1.user.oc1..aaaaaaaadt4eedbhv6ajkglxebmkdm4bwwlxvwrj66vtdhlo62ysxdwoqotq/d1:7b:e2:b7:14:4b:b3:9b:46:23:6a:25:92:30:3e:27",signature="US7JymcAYUB6C/+v4h8BRaMixWFPSDAsPGZRl1r8wX12hUu98SSB4LFFvWe5xZRMbJtMFuFmLNt3yfQzg+Pk3UuxkDlUjFzXtwUzyvqCcPiRk8sB64SKt0Y8n2RIpwe+uZ4UfzV+w696wIeqTGXEJ4wsJEhaolEJj4x/fbm94QFUgxaU2RfViBa5T05hmYSKwxQSxjbzUfD0Ex3oSr0s0mK3raOhh8T4Kxhr2iFjsWSl958ilzIgiZ3qXko0BErHSOZcek8LmaxkBDhkasG5lyjRoQ1Rc9+TiQwMEesuDWqzh+xBBWz3QhEsRR/RO9ppFMDucgBdhaqxg6NlfQcWbg==",version="1"']
      connection: [keep-alive]
      content-type: [application/json]
      date: ['Tue, 25 Sep 2018 02:35:46 GMT']
      host: [iaas.us-ashburn-1.oraclecloud.com]
      opc-client-info: [Oracle-PythonSDK/2.0.4]
      opc-request-id: [B8C9AB57FD134C12B8255DFC1BD7DA6B]
      user-agent: [Oracle-PythonSDK/2.0.4 (python 3.5.3; x86_64-Linux) Oracle-PythonCLI/2.4.33]
      x-content-sha256: [dBvtUEQtZyQRKyXKOB1/cfS42tHG6VT++4zAaKryLxY=]
    method: PUT
    uri: https://iaas.us-ashburn-1.oraclecloud.com/20160918/volumes/ocid1.volume.oc1.iad.abuwcljsvjq5wtgbrqch4gt7s2o7q4lw2xz5b553g63ydopaqa26ifx6vrua/kmsKey
  response:
    body: {string: "{\n  \"kmsKeyId\" : \"ocid1.key.oc1.iad.annm5ag4aacuu.abuwcljt3b3cf6uje7ki7bb42hzp5nfjp3rhr57bilkk2cc65lpe4eqizjoq\"\
        \n}"}
    headers:
      Connection: [keep-alive]
      Content-Length: ['113']
      Content-Type: [application/json]
      Date: ['Tue, 25 Sep 2018 02:35:46 GMT']
      ETag: ['-2119017762']
      opc-request-id: [B8C9AB57FD134C12B8255DFC1BD7DA6B/EDAE97F771B229840FF3FC926064DC3B/15F8F47BE34DCE34B10F37A634639A07]
    status: {code: 200, message: OK}
- request:
    body: '{"responseJson": "{\"opcRequestId\": \"A1FEC7E0F38340A6AABE6DCD25C3B484\",
      \"etag\": \"-2119017762\", \"volumeKmsKey\": {\"kmsKeyId\": \"ocid1.key.oc1.iad.annm5ag4aacuu.abuwcljt3b3cf6uje7ki7bb42hzp5nfjp3rhr57bilkk2cc65lpe4eqizjoq\"}}",
      "requestJson": "{\"volumeId\": \"ocid1.volume.oc1.iad.abuwcljsvjq5wtgbrqch4gt7s2o7q4lw2xz5b553g63ydopaqa26ifx6vrua\",
      \"updateVolumeKmsKeyDetails\": {\"kmsKeyId\": \"ocid1.key.oc1.iad.annm5ag4aacuu.abuwcljr64khedka5u2rifk7r2lguhcmuzu4i4mjapcv2wrist6e6kzc7cyq\"}}",
      "containerId": "f174ad4a-84f2-4b59-8dd2-416e1b4e6fad", "requestClass": "com.oracle.bmc.core.requests.UpdateVolumeKmsKeyRequest",
      "responseClass": "com.oracle.bmc.core.responses.UpdateVolumeKmsKeyResponse"}'
    headers:
      Accept: ['*/*']
      Accept-Encoding: ['gzip, deflate']
      Connection: [keep-alive]
      Content-Length: ['706']
      User-Agent: [python-requests/2.18.4]
    method: POST
    uri: http://docker.for.mac.localhost:8090/SDKTestingService/response?sessionId=0032&lang=PythonCLI
  response:
    body: {string: ''}
    headers:
      Content-Length: ['0']
      Content-Type: [text/plain]
      Date: ['Tue, 25 Sep 2018 02:35:46 GMT']
      Server: [Jetty(9.2.14.v20151106)]
    status: {code: 200, message: OK}
version: 1
