interactions:
- request:
    body: null
    headers:
      Accept: ['*/*']
      Accept-Encoding: ['gzip, deflate']
      Connection: [keep-alive]
      User-Agent: [python-requests/2.21.0]
    method: GET
    uri: http://docker.for.mac.localhost:9080/SDKTestingService/request/enable?apiName=DetachLoadBalancer&serviceName=core&lang=PythonCLI
  response:
    body: {string: 'true'}
    headers:
      Content-Length: ['4']
      Content-Type: [text/plain]
      Date: ['Fri, 10 May 2019 01:09:49 GMT']
      Server: [Jetty(9.4.7.v20170914)]
    status: {code: 200, message: OK}
- request:
    body: null
    headers:
      Accept: ['*/*']
      Accept-Encoding: ['gzip, deflate']
      Connection: [keep-alive]
      User-Agent: [python-requests/2.21.0]
    method: GET
    uri: http://docker.for.mac.localhost:9080/SDKTestingService/request?sessionId=0592&apiName=DetachLoadBalancer&serviceName=core&lang=PythonCLI
  response:
    body: {string: '[{"containerId":"9dc6b280-ea42-49ef-b175-7b864d1dacc6","request":{"instancePoolId":"ocid1.instancepool.oc1.phx.aaaaaaaaom7zmge5o2gmznlyz57qqyopjk5k52pkdw4lhx3m5stujfgdvzyq","detachLoadBalancerDetails":{"loadBalancerId":"ocid1.loadbalancer.oc1.phx.aaaaaaaaldofnpdrq2wnlnw3gccxkev2wjnzlb2gvfomok7wwvdvoftmyjua","backendSetName":"__STS0592_9851"},"opcRetryToken":"e6ae1e54-9cd6-44f5-9bd2-3b634c857174"}}]'}
    headers:
      Content-Length: ['401']
      Content-Type: [text/plain]
      Date: ['Fri, 10 May 2019 01:09:49 GMT']
      Server: [Jetty(9.4.7.v20170914)]
    status: {code: 200, message: OK}
- request:
    body: '{"loadBalancerId": "ocid1.loadbalancer.oc1.phx.aaaaaaaaldofnpdrq2wnlnw3gccxkev2wjnzlb2gvfomok7wwvdvoftmyjua",
      "backendSetName": "__STS0592_9851"}'
    headers:
      Content-Length: ['145']
      accept: [application/json]
      accept-encoding: ['gzip, deflate']
      authorization: ['Signature algorithm="rsa-sha256",headers="date (request-target)
          host content-length content-type x-content-sha256",keyId="ocid1.tenancy.oc1..aaaaaaaaeoyapgtdcnhbomoi7d6sesv3rl2n6c6pxozdd73dsszomknbnsia/ocid1.user.oc1..aaaaaaaaf4xpc64kldjum6klyq4wngd4phz6cvwbbptbzhqbl4ho75apyttq/ea:af:af:07:17:e0:56:be:9f:30:09:76:a6:cf:20:fc",signature="FNj2agwuQhEHIxTHFVNXSPpdNjcLThuxYrM9migeHioQUQYiPU1+ETBkv0tX1XaYsYeWFOg3gst2DjXDifNRx6Ekuwl6rxiiFRc7Qg8ld77MH9hz8NTx4LQyMedGIHHWgvcfTUaHWiWeK6P/fEGpC4Met18ZjnZRdA0hQmCExhDIvCYWdv2ikKo+s38ZqQKYkQdvun3dsYRZgqnjLJTSWfZdDrVfifqT6c4yaJxw2xwPENxf5gTHnWD8FgKP5gpz22ez4EYmrfjRCdByYkwx3Hjw/dQZy0Y49EJZZM5TKhcaiRwYa9UpqpghcwiA3rzH0tuKJ/RtxuyoTa7BDi85NA==",version="1"']
      connection: [keep-alive]
      content-type: [application/json]
      date: ['Fri, 10 May 2019 01:09:50 GMT']
      host: [iaas.us-phoenix-1.oraclecloud.com]
      opc-client-info: [Oracle-PythonSDK/2.2.8+preview.1.0.126]
      opc-request-id: [4D1D9F3D56D546BE9C331D531BCD69F3]
      opc-retry-token: [uhKV2XKNwPEk1DLTHAsNzfS7jCiMGW]
      user-agent: [Oracle-PythonSDK/2.2.8+preview.1.0.126 (python 3.5.3; x86_64-Linux)
          Oracle-PythonCLI/2.5.9+preview.1]
      x-content-sha256: [hdXa0PHUQGqS0CV7MnU4sFhEH7ntCOR4N1xuR6TCQH8=]
    method: POST
    uri: https://iaas.us-phoenix-1.oraclecloud.com/20160918/instancePools/ocid1.instancepool.oc1.phx.aaaaaaaaom7zmge5o2gmznlyz57qqyopjk5k52pkdw4lhx3m5stujfgdvzyq/actions/detachLoadBalancer
  response:
    body: {string: "{\n  \"id\" : \"ocid1.instancepool.oc1.phx.aaaaaaaaom7zmge5o2gmznlyz57qqyopjk5k52pkdw4lhx3m5stujfgdvzyq\"\
        ,\n  \"compartmentId\" : \"ocid1.compartment.oc1..aaaaaaaaakqweysfghbvp3l76xllv4rq7ieiswhxxbu2xrktlm3skjyzj6ya\"\
        ,\n  \"definedTags\" : {\n    \"testing_service_tag_ns_001\" : {\n      \"\
        testing_service_tag_01\" : \"tag4.__STS0592_742\",\n      \"testing_service_tag_02\"\
        \ : \"tag5.__STS0592_742\",\n      \"testing_service_tag_03\" : \"tag6.__STS0592_742\"\
        \n    }\n  },\n  \"displayName\" : \"__STS0592_6371\",\n  \"freeformTags\"\
        \ : {\n    \"tag1\" : \"value1.__STS0592_5390\",\n    \"tag2\" : \"value2.__STS0592_5390\"\
        \n  },\n  \"instanceConfigurationId\" : \"ocid1.instanceconfiguration.oc1.phx.aaaaaaaaxrfztazsoplr2dmyo2t4rto4le4bpyind4mxuvvxni2vyhls5aeq\"\
        ,\n  \"lifecycleState\" : \"RUNNING\",\n  \"placementConfigurations\" : [\
        \ {\n    \"availabilityDomain\" : \"GlXO:PHX-AD-3\",\n    \"primarySubnetId\"\
        \ : \"ocid1.subnet.oc1.phx.aaaaaaaaygqlp4oeq5bogofcw2ssaat4zc52bhm5mrs45qrzowgyp6z5rlwa\"\
        \n  } ],\n  \"size\" : 1,\n  \"timeCreated\" : \"2019-05-10T01:01:25.516Z\"\
        ,\n  \"loadBalancers\" : [ {\n    \"id\" : \"ocid1.loadbalancerattachment.oc1.phx.aaaaaaaabcno7vchivr5my3aqoxibljuf5u25s2fbbix7st5ozmonpk7wylq\"\
        ,\n    \"instancePoolId\" : \"ocid1.instancepool.oc1.phx.aaaaaaaaom7zmge5o2gmznlyz57qqyopjk5k52pkdw4lhx3m5stujfgdvzyq\"\
        ,\n    \"loadBalancerId\" : \"ocid1.loadbalancer.oc1.phx.aaaaaaaaldofnpdrq2wnlnw3gccxkev2wjnzlb2gvfomok7wwvdvoftmyjua\"\
        ,\n    \"backendSetName\" : \"__STS0592_9851\",\n    \"port\" : 80,\n    \"\
        vnicSelection\" : \"primaryvnic\",\n    \"lifecycleState\" : \"DETACHING\"\
        \n  } ],\n  \"timeStateUpdated\" : \"2019-05-10T01:06:38.305Z\"\n}"}
    headers:
      Connection: [keep-alive]
      Content-Length: ['1545']
      Content-Type: [application/json]
      Date: ['Fri, 10 May 2019 01:09:50 GMT']
      ETag: [4b5a9e4a1a9751985e4d81c4fdba4c2f9cdd426d2da9b2383d87bcf019a15928]
      X-Content-Type-Options: [nosniff]
      opc-request-id: [4D1D9F3D56D546BE9C331D531BCD69F3/E1387E5D64CB3BB95B105D652B4F6F87/7CF0871D09A984C925D18339A719D3AC]
    status: {code: 200, message: OK}
- request:
    body: '{"responseJson": "{\"opcRequestId\": \"E531AEA2C5D94383B9B5A08BB5B3BB88\",
      \"etag\": \"4b5a9e4a1a9751985e4d81c4fdba4c2f9cdd426d2da9b2383d87bcf019a15928\",
      \"instancePool\": {\"definedTags\": {\"testing_service_tag_ns_001\": {\"testing_service_tag_02\":
      \"tag5.__STS0592_742\", \"testing_service_tag_01\": \"tag4.__STS0592_742\",
      \"testing_service_tag_03\": \"tag6.__STS0592_742\"}}, \"id\": \"ocid1.instancepool.oc1.phx.aaaaaaaaom7zmge5o2gmznlyz57qqyopjk5k52pkdw4lhx3m5stujfgdvzyq\",
      \"compartmentId\": \"ocid1.compartment.oc1..aaaaaaaaakqweysfghbvp3l76xllv4rq7ieiswhxxbu2xrktlm3skjyzj6ya\",
      \"size\": 1, \"instanceConfigurationId\": \"ocid1.instanceconfiguration.oc1.phx.aaaaaaaaxrfztazsoplr2dmyo2t4rto4le4bpyind4mxuvvxni2vyhls5aeq\",
      \"loadBalancers\": [{\"id\": \"ocid1.loadbalancerattachment.oc1.phx.aaaaaaaabcno7vchivr5my3aqoxibljuf5u25s2fbbix7st5ozmonpk7wylq\",
      \"loadBalancerId\": \"ocid1.loadbalancer.oc1.phx.aaaaaaaaldofnpdrq2wnlnw3gccxkev2wjnzlb2gvfomok7wwvdvoftmyjua\",
      \"vnicSelection\": \"primaryvnic\", \"backendSetName\": \"__STS0592_9851\",
      \"lifecycleState\": \"DETACHING\", \"port\": 80, \"instancePoolId\": \"ocid1.instancepool.oc1.phx.aaaaaaaaom7zmge5o2gmznlyz57qqyopjk5k52pkdw4lhx3m5stujfgdvzyq\"}],
      \"displayName\": \"__STS0592_6371\", \"freeformTags\": {\"tag2\": \"value2.__STS0592_5390\",
      \"tag1\": \"value1.__STS0592_5390\"}, \"lifecycleState\": \"RUNNING\", \"timeCreated\":
      \"2019-05-10T01:01:25.516000+00:00\", \"placementConfigurations\": [{\"availabilityDomain\":
      \"GlXO:PHX-AD-3\", \"secondaryVnicSubnets\": null, \"primarySubnetId\": \"ocid1.subnet.oc1.phx.aaaaaaaaygqlp4oeq5bogofcw2ssaat4zc52bhm5mrs45qrzowgyp6z5rlwa\"}]}}",
      "requestJson": "{\"detachLoadBalancerDetails\": {\"loadBalancerId\": \"ocid1.loadbalancer.oc1.phx.aaaaaaaaldofnpdrq2wnlnw3gccxkev2wjnzlb2gvfomok7wwvdvoftmyjua\",
      \"backendSetName\": \"__STS0592_9851\"}, \"opcRetryToken\": \"e6ae1e54-9cd6-44f5-9bd2-3b634c857174\",
      \"instancePoolId\": \"ocid1.instancepool.oc1.phx.aaaaaaaaom7zmge5o2gmznlyz57qqyopjk5k52pkdw4lhx3m5stujfgdvzyq\"}",
      "containerId": "9dc6b280-ea42-49ef-b175-7b864d1dacc6", "requestClass": "com.oracle.bmc.core.requests.DetachLoadBalancerRequest",
      "responseClass": "com.oracle.bmc.core.responses.DetachLoadBalancerResponse"}'
    headers:
      Accept: ['*/*']
      Accept-Encoding: ['gzip, deflate']
      Connection: [keep-alive]
      Content-Length: ['2243']
      User-Agent: [python-requests/2.21.0]
    method: POST
    uri: http://docker.for.mac.localhost:9080/SDKTestingService/response?sessionId=0592&lang=PythonCLI
  response:
    body: {string: ''}
    headers:
      Content-Length: ['0']
      Content-Type: [text/plain]
      Date: ['Fri, 10 May 2019 01:09:51 GMT']
      Server: [Jetty(9.4.7.v20170914)]
    status: {code: 200, message: OK}
version: 1
