interactions:
- request:
    body: null
    headers:
      Accept: ['*/*']
      Accept-Encoding: ['gzip, deflate']
      Connection: [keep-alive]
      User-Agent: [python-requests/2.18.4]
    method: GET
    uri: http://docker.for.mac.localhost:8090/SDKTestingService/request/enable?lang=PythonCLI&serviceName=core&apiName=GetVolumeKmsKey
  response:
    body: {string: !!python/unicode 'true'}
    headers:
      content-length: ['4']
      content-type: [text/plain]
      date: ['Wed, 19 Sep 2018 06:29:52 GMT']
      server: [Jetty(9.2.14.v20151106)]
    status: {code: 200, message: OK}
- request:
    body: null
    headers:
      Accept: ['*/*']
      Accept-Encoding: ['gzip, deflate']
      Connection: [keep-alive]
      User-Agent: [python-requests/2.18.4]
    method: GET
    uri: http://docker.for.mac.localhost:8090/SDKTestingService/request?lang=PythonCLI&sessionId=0971&serviceName=core&apiName=GetVolumeKmsKey
  response:
    body: {string: !!python/unicode '[{"containerId":"79b53842-ced4-4e19-85e4-64308ee294a0","request":{"volumeId":"ocid1.volume.oc1.iad.abuwcljsoq3yecjwy4xm4mlwn63caqg7wo3chztgmxx45abpdyejdepe2u4q"}}]'}
    headers:
      content-length: ['163']
      content-type: [application/json]
      date: ['Wed, 19 Sep 2018 06:29:52 GMT']
      server: [Jetty(9.2.14.v20151106)]
    status: {code: 200, message: OK}
- request:
    body: null
    headers:
      accept: [application/json]
      accept-encoding: ['gzip, deflate']
      authorization: [!!python/unicode 'Signature algorithm="rsa-sha256",headers="date
          (request-target) host",keyId="ocid1.tenancy.oc1..aaaaaaaaqc4e5bvje4gl6qj4qm7q34z2dxlmznnwf4fzybq5lwglaokqaruq/ocid1.user.oc1..aaaaaaaadt4eedbhv6ajkglxebmkdm4bwwlxvwrj66vtdhlo62ysxdwoqotq/d1:7b:e2:b7:14:4b:b3:9b:46:23:6a:25:92:30:3e:27",signature="u9SPVjzmu9DiN2yqj/1TX9ZuPDPNJB8BLA/5JbcmkI8NPfOY67UYykDK0SP4s6N7U3dRuq45kpJzHpx/71nYs66OUph9GGyeTA1Vj7Y5VmxmAHacWnaMX+KMaDfp9SgANnlWDnTKHa7tj+JML9+H32nKXmBiCkRDb6QtBPF3OC0NcygMNKpgMhfCAOdONkhSxCm5QhzOrjp5+RhDRaurNwj0nY81LRmBxzJP1Svsiqaa4mmVQ/r1Cgk/W0FTG4L2zWzcWeBifXFbY2EK6BR1OEtmhA6evx39cszuSh3QNTPK0BjYTiwGf4pA4GDH97TPbbfluSs4AfHOGnuXyq0ESQ==",version="1"']
      connection: [keep-alive]
      content-type: [application/json]
      date: ['Wed, 19 Sep 2018 06:30:28 GMT']
      host: [iaas.us-ashburn-1.oraclecloud.com]
      opc-client-info: [Oracle-PythonSDK/2.0.4+preview.1.327]
      opc-request-id: [A559EB6B0AB441E88F6C77848A2B4288]
      user-agent: [Oracle-PythonSDK/2.0.4+preview.1.327 (python 2.7.13; x86_64-Linux)
          Oracle-PythonCLI/2.4.33+preview.1]
    method: GET
    uri: https://iaas.us-ashburn-1.oraclecloud.com/20160918/volumes/ocid1.volume.oc1.iad.abuwcljsoq3yecjwy4xm4mlwn63caqg7wo3chztgmxx45abpdyejdepe2u4q/kmsKey
  response:
    body: {string: !!python/unicode "{\n  \"kmsKeyId\" : \"ocid1.key.oc1.iad.annm5ag4aacuu.abuwcljt3b3cf6uje7ki7bb42hzp5nfjp3rhr57bilkk2cc65lpe4eqizjoq\"\
        \n}"}
    headers:
      connection: [keep-alive]
      content-length: ['113']
      content-type: [application/json]
      date: ['Wed, 19 Sep 2018 06:30:29 GMT']
      etag: ['-2119017762']
      opc-request-id: [A559EB6B0AB441E88F6C77848A2B4288/EB19FEE437FA0C6C266A7139378CB266/B2425278D445B240ED4BFD5A462CA103]
    status: {code: 200, message: OK}
- request:
    body: !!python/unicode '{"responseJson": "{\"volumeKmsKey\": {\"kmsKeyId\": \"ocid1.key.oc1.iad.annm5ag4aacuu.abuwcljt3b3cf6uje7ki7bb42hzp5nfjp3rhr57bilkk2cc65lpe4eqizjoq\"},
      \"etag\": \"-2119017762\", \"opcRequestId\": \"1FA4092B74074704B22163FDBA7E6880\"}",
      "responseClass": "com.oracle.bmc.core.responses.GetVolumeKmsKeyResponse", "containerId":
      "79b53842-ced4-4e19-85e4-64308ee294a0", "requestJson": "{\"volumeId\": \"ocid1.volume.oc1.iad.abuwcljsoq3yecjwy4xm4mlwn63caqg7wo3chztgmxx45abpdyejdepe2u4q\"}",
      "requestClass": "com.oracle.bmc.core.requests.GetVolumeKmsKeyRequest"}'
    headers:
      Accept: ['*/*']
      Accept-Encoding: ['gzip, deflate']
      Connection: [keep-alive]
      Content-Length: ['555']
      User-Agent: [python-requests/2.18.4]
    method: POST
    uri: http://docker.for.mac.localhost:8090/SDKTestingService/response?lang=PythonCLI&sessionId=0971
  response:
    body: {string: !!python/unicode ''}
    headers:
      content-length: ['0']
      content-type: [text/plain]
      date: ['Wed, 19 Sep 2018 06:30:30 GMT']
      server: [Jetty(9.2.14.v20151106)]
    status: {code: 200, message: OK}
version: 1
