interactions:
- request:
    body: null
    headers:
      Accept: ['*/*']
      Accept-Encoding: ['gzip, deflate']
      Connection: [keep-alive]
      User-Agent: [python-requests/2.18.4]
    method: GET
    uri: http://docker.for.mac.localhost:8090/SDKTestingService/request/enable?apiName=DeleteInstanceConfiguration&serviceName=core&lang=PythonCLI
  response:
    body: {string: 'true'}
    headers:
      Content-Length: ['4']
      Content-Type: [text/plain]
      Date: ['Wed, 20 Feb 2019 23:57:38 GMT']
      Server: [Jetty(9.4.7.v20170914)]
    status: {code: 200, message: OK}
- request:
    body: null
    headers:
      Accept: ['*/*']
      Accept-Encoding: ['gzip, deflate']
      Connection: [keep-alive]
      User-Agent: [python-requests/2.18.4]
    method: GET
    uri: http://docker.for.mac.localhost:8090/SDKTestingService/request?sessionId=0077&apiName=DeleteInstanceConfiguration&serviceName=core&lang=PythonCLI
  response:
    body: {string: '[{"containerId":"0d9995f3-d5f4-4126-ab84-d99fd17caeae","request":{"instanceConfigurationId":"ocid1.instanceconfiguration.oc1.phx.aaaaaaaa27q5mcpyjsljc7traehor3hwzmy7kjpva2k76auacvw6dej7ju4q"}}]'}
    headers:
      Content-Length: ['193']
      Content-Type: [text/plain]
      Date: ['Wed, 20 Feb 2019 23:57:42 GMT']
      Server: [Jetty(9.4.7.v20170914)]
    status: {code: 200, message: OK}
- request:
    body: null
    headers:
      accept: [application/json]
      accept-encoding: ['gzip, deflate']
      authorization: ['Signature algorithm="rsa-sha256",headers="date (request-target)
          host",keyId="ocid1.tenancy.oc1..aaaaaaaaeoyapgtdcnhbomoi7d6sesv3rl2n6c6pxozdd73dsszomknbnsia/ocid1.user.oc1..aaaaaaaaf4xpc64kldjum6klyq4wngd4phz6cvwbbptbzhqbl4ho75apyttq/ea:af:af:07:17:e0:56:be:9f:30:09:76:a6:cf:20:fc",signature="MCLjpSkLOum3zEyk5SylVUi7bD9BzR6LOmNYZ7MjVSw9k/iEK0utTA1LxCesKpsHvXcn0OtTDcf2NvrGHZ3SAa1D+i8UFjGoMsSOL+P+DBl6ysdYvJfOR8hq3SQoGZCqlb8O/1bP9XuhHy95e8dGAAI6upErQXzIX8YP2rOiFHxmkpHNBRmQ+OwTaVqKFoPIWQ4RSELeHgm5zkfoaufePPcWw3V63pyHl8mE4+kv1ZNk1V9aStYOvpBVLmJGVE1/iedQoask5vOnirN6kJh5uiHrELLybeYUdXJ5e4HE/F+o8yStMaCiQz9YVvtr2il/H9hXnmqGd5zk7XMkmJX5Ug==",version="1"']
      connection: [keep-alive]
      content-length: ['0']
      content-type: [application/json]
      date: ['Wed, 20 Feb 2019 23:57:43 GMT']
      host: [iaas.us-phoenix-1.oraclecloud.com]
      opc-client-info: [Oracle-PythonSDK/2.1.7+preview.1.681]
      opc-request-id: [63B28224408F4316A796FBCA107F4692]
      user-agent: [Oracle-PythonSDK/2.1.7+preview.1.681 (python 3.5.3; x86_64-Linux)
          Oracle-PythonCLI/2.4.45+preview.1]
    method: DELETE
    uri: https://iaas.us-phoenix-1.oraclecloud.com/20160918/instanceConfigurations/ocid1.instanceconfiguration.oc1.phx.aaaaaaaa27q5mcpyjsljc7traehor3hwzmy7kjpva2k76auacvw6dej7ju4q
  response:
    body: {string: ''}
    headers:
      Connection: [keep-alive]
      Content-Type: [application/json]
      Date: ['Wed, 20 Feb 2019 23:57:46 GMT']
      X-Content-Type-Options: [nosniff]
      opc-request-id: [63B28224408F4316A796FBCA107F4692/A7DB76132410EC046771AC603352B018/1677D303888E17D2776E9F455E2CA495]
    status: {code: 204, message: No Content}
- request:
    body: '{"responseJson": "{\"opcRequestId\": \"D3D2970E265A4FA98BCB3CF9B9D6ED8A\"}",
      "requestJson": "{\"instanceConfigurationId\": \"ocid1.instanceconfiguration.oc1.phx.aaaaaaaa27q5mcpyjsljc7traehor3hwzmy7kjpva2k76auacvw6dej7ju4q\"}",
      "containerId": "0d9995f3-d5f4-4126-ab84-d99fd17caeae", "requestClass": "com.oracle.bmc.core.requests.DeleteInstanceConfigurationRequest",
      "responseClass": "com.oracle.bmc.core.responses.DeleteInstanceConfigurationResponse"}'
    headers:
      Accept: ['*/*']
      Accept-Encoding: ['gzip, deflate']
      Connection: [keep-alive]
      Content-Length: ['450']
      User-Agent: [python-requests/2.18.4]
    method: POST
    uri: http://docker.for.mac.localhost:8090/SDKTestingService/response?sessionId=0077&lang=PythonCLI
  response:
    body: {string: ''}
    headers:
      Content-Length: ['0']
      Content-Type: [text/plain]
      Date: ['Wed, 20 Feb 2019 23:57:50 GMT']
      Server: [Jetty(9.4.7.v20170914)]
    status: {code: 200, message: OK}
version: 1
