interactions:
- request:
    body: null
    headers:
      Accept: ['*/*']
      Accept-Encoding: ['gzip, deflate']
      Connection: [keep-alive]
      User-Agent: [python-requests/2.18.4]
    method: GET
    uri: http://localhost:8090/SDKTestingService/request/enable?lang=PythonCLI&serviceName=healthchecks&apiName=CreatePingMonitor
  response:
    body: {string: 'true'}
    headers:
      Content-Length: ['4']
      Content-Type: [text/plain]
      Date: ['Sat, 02 Feb 2019 03:14:19 GMT']
      Server: [Jetty(9.4.7.v20170914)]
    status: {code: 200, message: OK}
- request:
    body: null
    headers:
      Accept: ['*/*']
      Accept-Encoding: ['gzip, deflate']
      Connection: [keep-alive]
      User-Agent: [python-requests/2.18.4]
    method: GET
    uri: http://localhost:8090/SDKTestingService/request?serviceName=healthchecks&apiName=CreatePingMonitor&lang=PythonCLI&sessionId=0759
  response:
    body: {string: '[{"containerId":"388318f1-e536-43a4-b6c5-b62571a4e225","request":{"createPingMonitorDetails":{"compartmentId":"ocid1.compartment.oc1..aaaaaaaabf7prp3qxkumkkv265phy56oi4d6q4fblrxhswygvuz3t5qs5uca","targets":["__STS0759_6208.com"],"protocol":"ICMP","displayName":"__STS0759_9197","intervalInSeconds":60,"isEnabled":true,"freeformTags":{"tag1":"value1.__STS0759_3079","tag2":"value2.__STS0759_3079"},"definedTags":{"testing_service_tag_ns_001":{"testing_service_tag_01":"tag4.__STS0759_6741","testing_service_tag_02":"tag5.__STS0759_6741","testing_service_tag_03":"tag6.__STS0759_6741"}}},"opcRetryToken":"43d4a3b2-7856-4e38-a3c6-e173b8d2c69b"}}]'}
    headers:
      Content-Length: ['643']
      Content-Type: [application/json]
      Date: ['Sat, 02 Feb 2019 03:14:19 GMT']
      Server: [Jetty(9.4.7.v20170914)]
    status: {code: 200, message: OK}
- request:
    body: '{"compartmentId": "ocid1.compartment.oc1..aaaaaaaabf7prp3qxkumkkv265phy56oi4d6q4fblrxhswygvuz3t5qs5uca",
      "targets": ["__STS0759_6208.com"], "protocol": "ICMP", "displayName": "__STS0759_9197",
      "intervalInSeconds": 60, "isEnabled": true, "freeformTags": {"tag1": "value1.__STS0759_3079",
      "tag2": "value2.__STS0759_3079"}, "definedTags": {"testing_service_tag_ns_001":
      {"testing_service_tag_01": "tag4.__STS0759_6741", "testing_service_tag_02":
      "tag5.__STS0759_6741", "testing_service_tag_03": "tag6.__STS0759_6741"}}}'
    headers:
      Content-Length: ['516']
      accept: [application/json]
      accept-encoding: ['gzip, deflate']
      authorization: ['Signature algorithm="rsa-sha256",headers="date (request-target)
          host content-length content-type x-content-sha256",keyId="ocid1.tenancy.oc1..aaaaaaaa3vi3ft3yi3sq4nhiql4nvbzjz6gipbn72h7werl6njs6xsq4wgdq/ocid1.user.oc1..aaaaaaaae7by6r5rz3iw4otx6ukjauol6vlilvljmxdy5bgiz637gpo2zcpa/89:0d:e5:99:ab:f7:f2:12:a4:ba:c8:8f:70:13:e4:5f",signature="dAAOg9vscoMamnk4gZvoRmviZo+JZwV4NLtXph6pbZZDMQL700K+5m8gnNRL7y1U8wvbXXUy+y955tqG2tp/zVmB7ud5uuWp6WVp/zFupi9q4KZ2AZE09wWeeqqTPOJe3OI0h9Rtz1VtgGqdqOVa9T/0uLcs+CuumxwdKit1x+hx5bkC6UAC9dxRXGQD5oxwtbhEDBrMVKcS/Z6dwtRYA9Q4BpWGqAzY1gd2MUcqTDVwrvAyhKbHFsIS2ifnBbkSyxsaR07pGOgxsGJ8h9f2c0y8K3L32T8z5uDL7//alAmo3DMkNpdJ/E3GfAFvGyFrKJ9z+vxJuUPOn06bS4A8qg==",version="1"']
      connection: [keep-alive]
      content-type: [application/json]
      date: ['Sat, 02 Feb 2019 03:14:20 GMT']
      host: [healthchecks.us-phoenix-1.oraclecloud.com]
      opc-client-info: [Oracle-PythonSDK/2.1.6+preview.1.653]
      opc-request-id: [DE411E00DDB14CD8B28DBF95527CBB72]
      opc-retry-token: [pKSOZPPqKv0dX2Xi7t1QtjW5IK8l0B]
      user-agent: [Oracle-PythonSDK/2.1.6+preview.1.653 (python 3.6.5; x86_64-Darwin)
          Oracle-PythonCLI/2.4.44]
      x-content-sha256: [kkuXXh94f5HeVcFLsrnQmlH6ndZJgKHluDNWGHSb/WA=]
    method: POST
    uri: https://healthchecks.us-phoenix-1.oraclecloud.com/20180501/pingMonitors
  response:
    body: {string: '{"id":"ocid1.pingmonitor.oc1..aaaaaaaapmggzc73ln5mwatpqfekpatjtfchg7e4yi6c7f6u3pg6vbem34aq","resultsUrl":"http://healthchecks.us-phoenix-1.oraclecloud.com/20180501/pingProbeResults/ocid1.pingmonitor.oc1..aaaaaaaapmggzc73ln5mwatpqfekpatjtfchg7e4yi6c7f6u3pg6vbem34aq","compartmentId":"ocid1.compartment.oc1..aaaaaaaabf7prp3qxkumkkv265phy56oi4d6q4fblrxhswygvuz3t5qs5uca","protocol":"ICMP","targets":["__STS0759_6208.com"],"vantagePointNames":["azr-ord","goo-chs","aws-pdx"],"port":80,"timeoutInSeconds":60,"displayName":"__STS0759_9197","intervalInSeconds":60,"isEnabled":true,"freeformTags":{"tag1":"value1.__STS0759_3079","tag2":"value2.__STS0759_3079"},"definedTags":{"testing_service_tag_ns_001":{"testing_service_tag_01":"tag4.__STS0759_6741","testing_service_tag_02":"tag5.__STS0759_6741","testing_service_tag_03":"tag6.__STS0759_6741"}}}'}
    headers:
      Content-Length: ['841']
      Content-Type: [application/json]
      Date: ['Sat, 02 Feb 2019 03:14:21 GMT']
      ETag: ['"6c58b88923695940d43d5b185dfa5f1e"']
      Location: ['http://healthchecks.us-phoenix-1.oraclecloud.com/20180501/pingMonitorsocid1.pingmonitor.oc1..aaaaaaaapmggzc73ln5mwatpqfekpatjtfchg7e4yi6c7f6u3pg6vbem34aq']
      opc-request-id: [DE411E00DDB14CD8B28DBF95527CBB72/89C0ECF6D6259AC9405DC15099DFA3CA/57624A90589EFAD634534E94CD53D6EA]
    status: {code: 200, message: OK}
- request:
    body: '{"containerId": "388318f1-e536-43a4-b6c5-b62571a4e225", "requestClass":
      "com.oracle.bmc.healthchecks.requests.CreatePingMonitorRequest", "requestJson":
      "{\"createPingMonitorDetails\": {\"compartmentId\": \"ocid1.compartment.oc1..aaaaaaaabf7prp3qxkumkkv265phy56oi4d6q4fblrxhswygvuz3t5qs5uca\",
      \"targets\": [\"__STS0759_6208.com\"], \"protocol\": \"ICMP\", \"displayName\":
      \"__STS0759_9197\", \"intervalInSeconds\": 60, \"isEnabled\": true, \"freeformTags\":
      {\"tag1\": \"value1.__STS0759_3079\", \"tag2\": \"value2.__STS0759_3079\"},
      \"definedTags\": {\"testing_service_tag_ns_001\": {\"testing_service_tag_01\":
      \"tag4.__STS0759_6741\", \"testing_service_tag_02\": \"tag5.__STS0759_6741\",
      \"testing_service_tag_03\": \"tag6.__STS0759_6741\"}}}, \"opcRetryToken\": \"43d4a3b2-7856-4e38-a3c6-e173b8d2c69b\"}",
      "responseJson": "{\"etag\": \"\\\"6c58b88923695940d43d5b185dfa5f1e\\\"\", \"pingMonitor\":
      {\"compartmentId\": \"ocid1.compartment.oc1..aaaaaaaabf7prp3qxkumkkv265phy56oi4d6q4fblrxhswygvuz3t5qs5uca\",
      \"definedTags\": {\"testing_service_tag_ns_001\": {\"testing_service_tag_01\":
      \"tag4.__STS0759_6741\", \"testing_service_tag_02\": \"tag5.__STS0759_6741\",
      \"testing_service_tag_03\": \"tag6.__STS0759_6741\"}}, \"displayName\": \"__STS0759_9197\",
      \"freeformTags\": {\"tag1\": \"value1.__STS0759_3079\", \"tag2\": \"value2.__STS0759_3079\"},
      \"id\": \"ocid1.pingmonitor.oc1..aaaaaaaapmggzc73ln5mwatpqfekpatjtfchg7e4yi6c7f6u3pg6vbem34aq\",
      \"intervalInSeconds\": 60, \"isEnabled\": true, \"port\": 80, \"protocol\":
      \"ICMP\", \"resultsUrl\": \"http://healthchecks.us-phoenix-1.oraclecloud.com/20180501/pingProbeResults/ocid1.pingmonitor.oc1..aaaaaaaapmggzc73ln5mwatpqfekpatjtfchg7e4yi6c7f6u3pg6vbem34aq\",
      \"targets\": [\"__STS0759_6208.com\"], \"timeoutInSeconds\": 60, \"vantagePointNames\":
      [\"azr-ord\", \"goo-chs\", \"aws-pdx\"]}, \"opcRequestId\": \"6ED7ED004B8A42DDA161D64005F2FBA9\"}",
      "responseClass": "com.oracle.bmc.healthchecks.responses.CreatePingMonitorResponse"}'
    headers:
      Accept: ['*/*']
      Accept-Encoding: ['gzip, deflate']
      Connection: [keep-alive]
      Content-Length: ['1988']
      User-Agent: [python-requests/2.18.4]
    method: POST
    uri: http://localhost:8090/SDKTestingService/response?sessionId=0759&lang=PythonCLI
  response:
    body: {string: ''}
    headers:
      Content-Length: ['0']
      Content-Type: [text/plain]
      Date: ['Sat, 02 Feb 2019 03:14:30 GMT']
      Server: [Jetty(9.4.7.v20170914)]
    status: {code: 200, message: OK}
version: 1
