interactions:
- request:
    body: null
    headers:
      Accept: ['*/*']
      Accept-Encoding: ['gzip, deflate']
      Connection: [keep-alive]
      User-Agent: [python-requests/2.21.0]
    method: GET
    uri: http://docker.for.mac.localhost:8090/SDKTestingService/request/enable?apiName=CreateSuppression&serviceName=email&lang=PythonCLI
  response:
    body: {string: 'true'}
    headers:
      Content-Length: ['4']
      Content-Type: [text/plain]
      Date: ['Fri, 03 May 2019 20:06:57 GMT']
      Server: [Jetty(9.4.7.v20170914)]
    status: {code: 200, message: OK}
- request:
    body: null
    headers:
      Accept: ['*/*']
      Accept-Encoding: ['gzip, deflate']
      Connection: [keep-alive]
      User-Agent: [python-requests/2.21.0]
    method: GET
    uri: http://docker.for.mac.localhost:8090/SDKTestingService/request?sessionId=0022&apiName=CreateSuppression&serviceName=email&lang=PythonCLI
  response:
    body: {string: '[{"containerId":"66aa0857-27bf-4cd7-bd6d-6ff42bef4452","request":{"createSuppressionDetails":{"compartmentId":"ocid1.tenancy.oc1..aaaaaaaagsqotoyawe3qkoxt4lz3pg7obo5xsyglmvvu6pczgq5cbuahgqta","emailAddress":"__sts0022_4649@test.oracle.com"},"opcRequestId":"stsCreateSuppression"}},{"containerId":"aee44977-4fa4-4c94-b33d-5def6a3f4a62","request":{"createSuppressionDetails":{"compartmentId":"ocid1.tenancy.oc1..aaaaaaaagsqotoyawe3qkoxt4lz3pg7obo5xsyglmvvu6pczgq5cbuahgqta","emailAddress":""},"opcRequestId":"stsCreateSuppression"}}]'}
    headers:
      Content-Length: ['531']
      Content-Type: [text/plain]
      Date: ['Fri, 03 May 2019 20:06:58 GMT']
      Server: [Jetty(9.4.7.v20170914)]
    status: {code: 200, message: OK}
- request:
    body: '{"emailAddress": "__sts0022_4649@test.oracle.com", "compartmentId": "ocid1.tenancy.oc1..aaaaaaaagsqotoyawe3qkoxt4lz3pg7obo5xsyglmvvu6pczgq5cbuahgqta"}'
    headers:
      Content-Length: ['150']
      accept: [application/json]
      accept-encoding: ['gzip, deflate']
      authorization: ['Signature algorithm="rsa-sha256",headers="date (request-target)
          host content-length content-type x-content-sha256",keyId="ocid1.tenancy.oc1..aaaaaaaagsqotoyawe3qkoxt4lz3pg7obo5xsyglmvvu6pczgq5cbuahgqta/ocid1.user.oc1..aaaaaaaajq6r7ewazrmfwarqztb2ubs5kwt24s7xieuolf7kknpdzciz6uoa/27:fc:89:7f:2d:27:e3:11:7e:42:d7:d9:63:4e:b3:38",signature="eQkNs02r8Lri6FLek5XYgtYfQFwyI0PrXrqlcPAxW3faYmaiFq0n9WiRXO2EzXpatbnGcfE1kvuTSpuHZIDS7GGEeUZonYySKnH5fcqC1MkBqdPRiB+0qySlHr7suEg/HnqonQo1EocGsH+ETrm7A7oRWxd9CaWowDLLawNh45j08W3WXYqT/J42V6zASnIllDUFIvZD/5WOmdSCFnB+ieI3NLTYnANhqzIbCY49wBl+jL/tGj2eQs+axCc+TfEqFgUS/TYI9V/WRo3y4yK0L3sZ3pmFEkxVehCoaOYMkvsiNT6yilQFl836cPAW7u0L6EIUKEcmgUK+seAsvyZPwg==",version="1"']
      connection: [keep-alive]
      content-type: [application/json]
      date: ['Fri, 03 May 2019 20:06:58 GMT']
      host: [email.us-phoenix-1.oraclecloud.com]
      opc-client-info: [Oracle-PythonSDK/2.2.6]
      opc-request-id: [FCACB1D2C9BE40AAAA6229D8D1C8E5BB]
      user-agent: [Oracle-PythonSDK/2.2.6 (python 3.5.3; x86_64-Linux) Oracle-PythonCLI/2.5.7]
      x-content-sha256: [AnOs93KGCpIKEAtAXJBlAMDwCMMDBxT0b9025LRP+6k=]
    method: POST
    uri: https://email.us-phoenix-1.oraclecloud.com/20170907/suppressions
  response:
    body: {string: '{"emailAddress":"__sts0022_4649@test.oracle.com","id":"ocid1.emailsuppression.oc1..aaaaaaaad643jpuhfdqidqi353c54j3brv5ncaf5xkdistcwp7msybxptfoq","reason":"MANUAL","timeCreated":"2019-05-03T20:07:09.000Z","compartmentId":"ocid1.tenancy.oc1..aaaaaaaagsqotoyawe3qkoxt4lz3pg7obo5xsyglmvvu6pczgq5cbuahgqta"}'}
    headers:
      Access-Control-Allow-Origin: ['*']
      Connection: [keep-alive]
      Content-Length: ['302']
      Content-Type: [application/json]
      Date: ['Fri, 03 May 2019 20:07:10 GMT']
      X-Application-Context: [application]
      opc-request-id: [FCACB1D2C9BE40AAAA6229D8D1C8E5BB/22E3CB4F021D3C2E82E33973B7F8760B/2D4AAEE042EE47812F1656CC0E5CA22A]
    status: {code: 200, message: OK}
- request:
    body: '{"responseJson": "{\"opcRequestId\": \"35003A4DA97243608BB3CA90E7C31F2D\",
      \"suppression\": {\"id\": \"ocid1.emailsuppression.oc1..aaaaaaaad643jpuhfdqidqi353c54j3brv5ncaf5xkdistcwp7msybxptfoq\",
      \"emailAddress\": \"__sts0022_4649@test.oracle.com\", \"compartmentId\": \"ocid1.tenancy.oc1..aaaaaaaagsqotoyawe3qkoxt4lz3pg7obo5xsyglmvvu6pczgq5cbuahgqta\",
      \"reason\": \"MANUAL\", \"timeCreated\": \"2019-05-03T20:07:09+00:00\"}}", "requestJson":
      "{\"opcRequestId\": \"stsCreateSuppression\", \"createSuppressionDetails\":
      {\"emailAddress\": \"__sts0022_4649@test.oracle.com\", \"compartmentId\": \"ocid1.tenancy.oc1..aaaaaaaagsqotoyawe3qkoxt4lz3pg7obo5xsyglmvvu6pczgq5cbuahgqta\"}}",
      "containerId": "66aa0857-27bf-4cd7-bd6d-6ff42bef4452", "requestClass": "com.oracle.bmc.email.requests.CreateSuppressionRequest",
      "responseClass": "com.oracle.bmc.email.responses.CreateSuppressionResponse"}'
    headers:
      Accept: ['*/*']
      Accept-Encoding: ['gzip, deflate']
      Connection: [keep-alive]
      Content-Length: ['886']
      User-Agent: [python-requests/2.21.0]
    method: POST
    uri: http://docker.for.mac.localhost:8090/SDKTestingService/response?sessionId=0022&lang=PythonCLI
  response:
    body: {string: ''}
    headers:
      Content-Length: ['0']
      Content-Type: [text/plain]
      Date: ['Fri, 03 May 2019 20:07:11 GMT']
      Server: [Jetty(9.4.7.v20170914)]
    status: {code: 200, message: OK}
- request:
    body: '{"emailAddress": "", "compartmentId": "ocid1.tenancy.oc1..aaaaaaaagsqotoyawe3qkoxt4lz3pg7obo5xsyglmvvu6pczgq5cbuahgqta"}'
    headers:
      Content-Length: ['120']
      accept: [application/json]
      accept-encoding: ['gzip, deflate']
      authorization: ['Signature algorithm="rsa-sha256",headers="date (request-target)
          host content-length content-type x-content-sha256",keyId="ocid1.tenancy.oc1..aaaaaaaagsqotoyawe3qkoxt4lz3pg7obo5xsyglmvvu6pczgq5cbuahgqta/ocid1.user.oc1..aaaaaaaajq6r7ewazrmfwarqztb2ubs5kwt24s7xieuolf7kknpdzciz6uoa/27:fc:89:7f:2d:27:e3:11:7e:42:d7:d9:63:4e:b3:38",signature="y3/+CQX5O9J8G58/Ar1KY5idU0X26tBUX3nOFkVjBL7yUoLjNlJYlQdr6IUHC59j7Iqdu4ldTzCt01wi5atXMjxfcrGIRr3iWvoG+og+BDngYjejyolbs4+h+CTH/b7cFHxd19FJ4JodMBdAP+pBRpnxzUvoG88nsLzn69kBnSLZf/WBwsfqetYn93XfA/R94HSg/kpCpVZiXI6tKKKgz/uOX0MXPKzDmnym+0Wqfa2FeVOLhB79som5SWqb/KSFLnt4nU1q7nO84xf3Fm76eLzug/V5zabKhU7RV9DAFPHBeCFMHzpSKJ2KyioxLhNM7MucQ/3VfRlb1ofZ+KYRHg==",version="1"']
      connection: [keep-alive]
      content-type: [application/json]
      date: ['Fri, 03 May 2019 20:07:11 GMT']
      host: [email.us-phoenix-1.oraclecloud.com]
      opc-client-info: [Oracle-PythonSDK/2.2.6]
      opc-request-id: [9CB35EEE8FF94B49B237C6D90F94EB0A]
      user-agent: [Oracle-PythonSDK/2.2.6 (python 3.5.3; x86_64-Linux) Oracle-PythonCLI/2.5.7]
      x-content-sha256: [NYMSVPzSVoaeA1jxvxD6XGy3cy+FN+ndpvHrSjVc9NA=]
    method: POST
    uri: https://email.us-phoenix-1.oraclecloud.com/20170907/suppressions
  response:
    body: {string: '{"code":"InvalidParameter","message":"compartmentId and emailAddress
        should be valid.","errormsg":"compartmentId and emailAddress should be valid."}'}
    headers:
      Access-Control-Allow-Origin: ['*']
      Connection: [keep-alive]
      Content-Length: ['148']
      Content-Type: [application/json]
      Date: ['Fri, 03 May 2019 20:07:14 GMT']
      X-Application-Context: [application]
      errormsg: [compartmentId and emailAddress should be valid.]
      opc-request-id: [9CB35EEE8FF94B49B237C6D90F94EB0A/EB47D11968F76794C224B1936435E017/F3F86E4B74A134378A25A2D3FFFBC04D]
    status: {code: 400, message: Bad Request}
- request:
    body: '{"requestJson": "{\"opcRequestId\": \"stsCreateSuppression\", \"createSuppressionDetails\":
      {\"emailAddress\": \"\", \"compartmentId\": \"ocid1.tenancy.oc1..aaaaaaaagsqotoyawe3qkoxt4lz3pg7obo5xsyglmvvu6pczgq5cbuahgqta\"}}",
      "errorJson": "{\"statusCode\": 400, \"opcRequestId\": \"9CB35EEE8FF94B49B237C6D90F94EB0A/EB47D11968F76794C224B1936435E017/F3F86E4B74A134378A25A2D3FFFBC04D\",
      \"code\": \"InvalidParameter\", \"message\": \"compartmentId and emailAddress
      should be valid.\"}", "containerId": "aee44977-4fa4-4c94-b33d-5def6a3f4a62",
      "requestClass": "com.oracle.bmc.email.requests.CreateSuppressionRequest"}'
    headers:
      Accept: ['*/*']
      Accept-Encoding: ['gzip, deflate']
      Connection: [keep-alive]
      Content-Length: ['610']
      User-Agent: [python-requests/2.21.0]
    method: POST
    uri: http://docker.for.mac.localhost:8090/SDKTestingService/error?sessionId=0022&lang=PythonCLI
  response:
    body: {string: ''}
    headers:
      Content-Length: ['0']
      Content-Type: [text/plain]
      Date: ['Fri, 03 May 2019 20:07:15 GMT']
      Server: [Jetty(9.4.7.v20170914)]
    status: {code: 200, message: OK}
version: 1
