interactions:
- request:
    body: null
    headers:
      Accept: ['*/*']
      Accept-Encoding: ['gzip, deflate']
      Connection: [keep-alive]
      User-Agent: [python-requests/2.18.4]
    method: GET
    uri: http://localhost:8090/SDKTestingService/request/enable?apiName=CreateBucket&serviceName=objectstorage&lang=PythonCLI
  response:
    body: {string: 'true'}
    headers:
      Content-Length: ['4']
      Content-Type: [text/plain]
      Date: ['Tue, 11 Sep 2018 23:40:51 GMT']
      Server: [Jetty(9.2.14.v20151106)]
    status: {code: 200, message: OK}
- request:
    body: null
    headers:
      Accept: ['*/*']
      Accept-Encoding: ['gzip, deflate']
      Connection: [keep-alive]
      User-Agent: [python-requests/2.18.4]
    method: GET
    uri: http://localhost:8090/SDKTestingService/request?sessionId=0279&apiName=CreateBucket&serviceName=objectstorage&lang=PythonCLI
  response:
    body: {string: '[{"containerId":"f905cafc-6a4f-4d34-8576-459112264fbc","request":{"namespaceName":"bmcostests","createBucketDetails":{"name":"__STS0279_7398","compartmentId":"ocid1.tenancy.oc1..aaaaaaaaaodntvb6nij46dccx2dqn6a3xs563vhqm7ay5bkn4wbqvb2a3bya","publicAccessType":"ObjectRead","freeformTags":{"tag1":"value1.__STS0279_8148","tag2":"value2.__STS0279_8148"},"kmsKeyId":"ocid1.key.oc1.iad.annnb3f4aacuu.abuwcljsm3euxysmqg2nep57ysfjhaevswlxo43ohsvag6dgjjhfpxhu3mzq"}}},{"containerId":"5eaa7656-1fc3-4000-bd0c-def6dbebf469","request":{"namespaceName":"bmcostests","createBucketDetails":{"name":"__STS0279_9636","compartmentId":"ocid1.tenancy.oc1..aaaaaaaaaodntvb6nij46dccx2dqn6a3xs563vhqm7ay5bkn4wbqvb2a3bya","publicAccessType":"NoPublicAccess","freeformTags":{"tag1":"value1.__STS0279_2856","tag2":"value2.__STS0279_2856"},"kmsKeyId":"ocid1.key.oc1.iad.annnb3f4aacuu.abuwcljsm3euxysmqg2nep57ysfjhaevswlxo43ohsvag6dgjjhfpxhu3mzq"}}},{"containerId":"d4a2ac94-0325-4b32-bc38-c1a3abf3d598","request":{"namespaceName":"bmcostests","createBucketDetails":{"name":"__STS0279_9145","compartmentId":"ocid1.tenancy.oc1..aaaaaaaaaodntvb6nij46dccx2dqn6a3xs563vhqm7ay5bkn4wbqvb2a3bya","publicAccessType":"ObjectReadWithoutList","freeformTags":{"tag1":"value1.__STS0279_3349","tag2":"value2.__STS0279_3349"},"kmsKeyId":"ocid1.key.oc1.iad.annnb3f4aacuu.abuwcljsm3euxysmqg2nep57ysfjhaevswlxo43ohsvag6dgjjhfpxhu3mzq"}}},{"containerId":"160cb224-f954-4978-9aca-20812f95200d","request":{"namespaceName":"bmcostests","createBucketDetails":{"name":"__STS0279_6557","compartmentId":"ocid1.tenancy.oc1..aaaaaaaaaodntvb6nij46dccx2dqn6a3xs563vhqm7ay5bkn4wbqvb2a3bya","publicAccessType":"ObjectRead","storageTier":"Archive","freeformTags":{"tag1":"value1.__STS0279_5710","tag2":"value2.__STS0279_5710"},"kmsKeyId":"ocid1.key.oc1.iad.annnb3f4aacuu.abuwcljsm3euxysmqg2nep57ysfjhaevswlxo43ohsvag6dgjjhfpxhu3mzq"}}}]'}
    headers:
      Content-Length: ['1876']
      Content-Type: [application/json]
      Date: ['Tue, 11 Sep 2018 23:40:51 GMT']
      Server: [Jetty(9.2.14.v20151106)]
    status: {code: 200, message: OK}
- request:
    body: '{"name": "__STS0279_7398", "compartmentId": "ocid1.tenancy.oc1..aaaaaaaaaodntvb6nij46dccx2dqn6a3xs563vhqm7ay5bkn4wbqvb2a3bya",
      "publicAccessType": "ObjectRead", "freeformTags": {"tag2": "value2.__STS0279_8148",
      "tag1": "value1.__STS0279_8148"}, "kmsKeyId": "ocid1.key.oc1.iad.annnb3f4aacuu.abuwcljsm3euxysmqg2nep57ysfjhaevswlxo43ohsvag6dgjjhfpxhu3mzq"}'
    headers:
      Content-Length: ['352']
      accept: [application/json]
      accept-encoding: ['gzip, deflate']
      authorization: ['Signature algorithm="rsa-sha256",headers="date (request-target)
          host content-length content-type x-content-sha256",keyId="ocid1.tenancy.oc1..aaaaaaaaaodntvb6nij46dccx2dqn6a3xs563vhqm7ay5bkn4wbqvb2a3bya/ocid1.user.oc1..aaaaaaaasvngmjbme3ja5u43czv5i2jwpbtlijbvngbeshjcnkqniitygivq/f1:00:bd:2c:70:61:6a:c6:c9:bb:cd:f1:c8:fa:81:29",signature="t3r2h2L6KAwgU2MGycrzyG9rwXjEIIAgsTRZ8l+FKISy6VGqKqbC32mDa82uT9aAsg/qUZhSbufTa6+4Gwwcsse0VXBHYnxFz0ovEXH1WhsS9k7rMwNLhMaTI8/nBR3K1IgrLWWFEMkqZmyyYe+g5ArX40rNcy4KW6o5EKcSh5GYWyrO9EohlXVki5RJ6SUNHXfVBqm2RT/viUHUvpjXwH+QPHPBfeU33QotINrjTw/yH8AVqJ4ODpSE5u4GlcHhwVfuGZtSXbVBqilnaPqL9Nizw9+d41xoGOAxTxTJ81pTg0/ndITsrX4mmEVKkZsoncFELnYMntKlECuHiIuc3A==",version="1"']
      connection: [keep-alive]
      content-type: [application/json]
      date: ['Tue, 11 Sep 2018 23:40:52 GMT']
      host: [objectstorage.us-ashburn-1.oraclecloud.com]
      opc-client-info: [Oracle-PythonSDK/2.0.3]
      opc-client-request-id: [931137643649416CBF303592D671C622]
      opc-request-id: [A8F516536EA74F068023C821CB27A960]
      user-agent: [Oracle-PythonSDK/2.0.3 (python 3.5.3; x86_64-Darwin) Oracle-PythonCLI/2.4.33]
      x-content-sha256: [yAnxm9rdyhAOjxvBHp29ZUauXQC/7lwyTjZTOjgL0YQ=]
    method: POST
    uri: https://objectstorage.us-ashburn-1.oraclecloud.com/n/bmcostests/b/
  response:
    body: {string: '{"namespace":"bmcostests","name":"__STS0279_7398","compartmentId":"ocid1.tenancy.oc1..aaaaaaaaaodntvb6nij46dccx2dqn6a3xs563vhqm7ay5bkn4wbqvb2a3bya","createdBy":"ocid1.user.oc1..aaaaaaaasvngmjbme3ja5u43czv5i2jwpbtlijbvngbeshjcnkqniitygivq","timeCreated":"2018-09-11T23:40:53.012Z","metadata":{},"etag":"0fe0ebff-a65b-4c66-9234-043f08751c59","publicAccessType":"ObjectRead","storageTier":"Standard","objectLevelAuditMode":"Disabled","freeformTags":{"tag1":"value1.__STS0279_8148","tag2":"value2.__STS0279_8148"},"definedTags":{},"kmsKeyId":"ocid1.key.oc1.iad.annnb3f4aacuu.abuwcljsm3euxysmqg2nep57ysfjhaevswlxo43ohsvag6dgjjhfpxhu3mzq","count":null,"size":null}'}
    headers:
      Access-Control-Allow-Credentials: ['true']
      Access-Control-Allow-Methods: ['POST,PUT,GET,HEAD,DELETE,OPTIONS']
      Access-Control-Allow-Origin: ['*']
      Access-Control-Expose-Headers: ['Access-Control-Allow-Credentials,Access-Control-Allow-Methods,Access-Control-Allow-Origin,Content-Length,Content-Type,ETag,Location,opc-client-info,opc-client-request-id,opc-request-id']
      Connection: [keep-alive]
      Content-Length: ['658']
      Content-Type: [application/json]
      Date: ['Tue, 11 Sep 2018 23:40:53 GMT']
      ETag: [0fe0ebff-a65b-4c66-9234-043f08751c59]
      Location: ['http://objectstorage.us-ashburn-1.oraclecloud.com/n/bmcostests/b/__STS0279_7398']
      opc-client-request-id: [931137643649416CBF303592D671C622]
      opc-request-id: [1d08cb3b-fe35-dfcb-95df-3f435ec16f99]
    status: {code: 200, message: OK}
- request:
    body: '{"responseJson": "{\"opcRequestId\": \"1DD165A378E24F62A3463A913353C125\",
      \"etag\": \"0fe0ebff-a65b-4c66-9234-043f08751c59\", \"bucket\": {\"definedTags\":
      {}, \"etag\": \"0fe0ebff-a65b-4c66-9234-043f08751c59\", \"name\": \"__STS0279_7398\",
      \"createdBy\": \"ocid1.user.oc1..aaaaaaaasvngmjbme3ja5u43czv5i2jwpbtlijbvngbeshjcnkqniitygivq\",
      \"timeCreated\": \"2018-09-11T23:40:53.012000+00:00\", \"storageTier\": \"Standard\",
      \"compartmentId\": \"ocid1.tenancy.oc1..aaaaaaaaaodntvb6nij46dccx2dqn6a3xs563vhqm7ay5bkn4wbqvb2a3bya\",
      \"publicAccessType\": \"ObjectRead\", \"freeformTags\": {\"tag2\": \"value2.__STS0279_8148\",
      \"tag1\": \"value1.__STS0279_8148\"}, \"metadata\": {}, \"kmsKeyId\": \"ocid1.key.oc1.iad.annnb3f4aacuu.abuwcljsm3euxysmqg2nep57ysfjhaevswlxo43ohsvag6dgjjhfpxhu3mzq\",
      \"namespace\": \"bmcostests\"}}", "requestJson": "{\"namespaceName\": \"bmcostests\",
      \"createBucketDetails\": {\"kmsKeyId\": \"ocid1.key.oc1.iad.annnb3f4aacuu.abuwcljsm3euxysmqg2nep57ysfjhaevswlxo43ohsvag6dgjjhfpxhu3mzq\",
      \"publicAccessType\": \"ObjectRead\", \"compartmentId\": \"ocid1.tenancy.oc1..aaaaaaaaaodntvb6nij46dccx2dqn6a3xs563vhqm7ay5bkn4wbqvb2a3bya\",
      \"name\": \"__STS0279_7398\", \"freeformTags\": {\"tag2\": \"value2.__STS0279_8148\",
      \"tag1\": \"value1.__STS0279_8148\"}}}", "containerId": "f905cafc-6a4f-4d34-8576-459112264fbc",
      "requestClass": "com.oracle.bmc.objectstorage.requests.CreateBucketRequest",
      "responseClass": "com.oracle.bmc.objectstorage.responses.CreateBucketResponse"}'
    headers:
      Accept: ['*/*']
      Accept-Encoding: ['gzip, deflate']
      Connection: [keep-alive]
      Content-Length: ['1496']
      User-Agent: [python-requests/2.18.4]
    method: POST
    uri: http://localhost:8090/SDKTestingService/response?sessionId=0279&lang=PythonCLI
  response:
    body: {string: ''}
    headers:
      Content-Length: ['0']
      Content-Type: [text/plain]
      Date: ['Tue, 11 Sep 2018 23:40:53 GMT']
      Server: [Jetty(9.2.14.v20151106)]
    status: {code: 200, message: OK}
- request:
    body: '{"name": "__STS0279_9636", "compartmentId": "ocid1.tenancy.oc1..aaaaaaaaaodntvb6nij46dccx2dqn6a3xs563vhqm7ay5bkn4wbqvb2a3bya",
      "publicAccessType": "NoPublicAccess", "freeformTags": {"tag2": "value2.__STS0279_2856",
      "tag1": "value1.__STS0279_2856"}, "kmsKeyId": "ocid1.key.oc1.iad.annnb3f4aacuu.abuwcljsm3euxysmqg2nep57ysfjhaevswlxo43ohsvag6dgjjhfpxhu3mzq"}'
    headers:
      Content-Length: ['356']
      accept: [application/json]
      accept-encoding: ['gzip, deflate']
      authorization: ['Signature algorithm="rsa-sha256",headers="date (request-target)
          host content-length content-type x-content-sha256",keyId="ocid1.tenancy.oc1..aaaaaaaaaodntvb6nij46dccx2dqn6a3xs563vhqm7ay5bkn4wbqvb2a3bya/ocid1.user.oc1..aaaaaaaasvngmjbme3ja5u43czv5i2jwpbtlijbvngbeshjcnkqniitygivq/f1:00:bd:2c:70:61:6a:c6:c9:bb:cd:f1:c8:fa:81:29",signature="ZBqpvEFQx8HUfwITsHWYIqfapDUAvdw9BTRAA6fy1eErUTQdd6OjlUVq9bmf5YZqJcaENv1S7ZzQtJsZdcMNb1HTrbpGH3VkanXT5B/MUr+labJBaH/LzKxRHqLJLvmFt0s8qBG7b7Tj2CqJ/yDDmbNZJXSHd6reicPmVxBfH3VBnBuIPBc8PARBNqcwOvNh4nqptOVN8Yq480RJ5EFcwKYM5lQMzysgF+OV9+SK1UYRb97bXEoNXhu+tbYtR9LiCrMeMihNT6eePneAC31P5YAwFTZk8cxxPuZ1KvbsmuR9W6bWV/yj8SOXXAq2MoVYSRDz/2Au+gzHbBRa00QEzg==",version="1"']
      connection: [keep-alive]
      content-type: [application/json]
      date: ['Tue, 11 Sep 2018 23:40:53 GMT']
      host: [objectstorage.us-ashburn-1.oraclecloud.com]
      opc-client-info: [Oracle-PythonSDK/2.0.3]
      opc-client-request-id: [FE26F12A2C1B4E62AD2653EE8029DDC9]
      opc-request-id: [A5D3B2BF36D74372A535277EAD0CD7FF]
      user-agent: [Oracle-PythonSDK/2.0.3 (python 3.5.3; x86_64-Darwin) Oracle-PythonCLI/2.4.33]
      x-content-sha256: [Z4uw8Rh+b/7fExDPC2fjDl89zweUEj8E9VWE375IsUw=]
    method: POST
    uri: https://objectstorage.us-ashburn-1.oraclecloud.com/n/bmcostests/b/
  response:
    body: {string: '{"namespace":"bmcostests","name":"__STS0279_9636","compartmentId":"ocid1.tenancy.oc1..aaaaaaaaaodntvb6nij46dccx2dqn6a3xs563vhqm7ay5bkn4wbqvb2a3bya","createdBy":"ocid1.user.oc1..aaaaaaaasvngmjbme3ja5u43czv5i2jwpbtlijbvngbeshjcnkqniitygivq","timeCreated":"2018-09-11T23:40:53.435Z","metadata":{},"etag":"e10e3568-7c36-4e89-9dc1-dce2d2b64c09","publicAccessType":"NoPublicAccess","storageTier":"Standard","objectLevelAuditMode":"Disabled","freeformTags":{"tag1":"value1.__STS0279_2856","tag2":"value2.__STS0279_2856"},"definedTags":{},"kmsKeyId":"ocid1.key.oc1.iad.annnb3f4aacuu.abuwcljsm3euxysmqg2nep57ysfjhaevswlxo43ohsvag6dgjjhfpxhu3mzq","count":null,"size":null}'}
    headers:
      Access-Control-Allow-Credentials: ['true']
      Access-Control-Allow-Methods: ['POST,PUT,GET,HEAD,DELETE,OPTIONS']
      Access-Control-Allow-Origin: ['*']
      Access-Control-Expose-Headers: ['Access-Control-Allow-Credentials,Access-Control-Allow-Methods,Access-Control-Allow-Origin,Content-Length,Content-Type,ETag,Location,opc-client-info,opc-client-request-id,opc-request-id']
      Connection: [keep-alive]
      Content-Length: ['662']
      Content-Type: [application/json]
      Date: ['Tue, 11 Sep 2018 23:40:53 GMT']
      ETag: [e10e3568-7c36-4e89-9dc1-dce2d2b64c09]
      Location: ['http://objectstorage.us-ashburn-1.oraclecloud.com/n/bmcostests/b/__STS0279_9636']
      opc-client-request-id: [FE26F12A2C1B4E62AD2653EE8029DDC9]
      opc-request-id: [41a62ac0-1c05-c86b-4ace-0a21b4f725fa]
    status: {code: 200, message: OK}
- request:
    body: '{"responseJson": "{\"opcRequestId\": \"C91AA73BD6A0428F8D1F47370A12689D\",
      \"etag\": \"e10e3568-7c36-4e89-9dc1-dce2d2b64c09\", \"bucket\": {\"definedTags\":
      {}, \"etag\": \"e10e3568-7c36-4e89-9dc1-dce2d2b64c09\", \"name\": \"__STS0279_9636\",
      \"createdBy\": \"ocid1.user.oc1..aaaaaaaasvngmjbme3ja5u43czv5i2jwpbtlijbvngbeshjcnkqniitygivq\",
      \"timeCreated\": \"2018-09-11T23:40:53.435000+00:00\", \"storageTier\": \"Standard\",
      \"compartmentId\": \"ocid1.tenancy.oc1..aaaaaaaaaodntvb6nij46dccx2dqn6a3xs563vhqm7ay5bkn4wbqvb2a3bya\",
      \"publicAccessType\": \"NoPublicAccess\", \"freeformTags\": {\"tag2\": \"value2.__STS0279_2856\",
      \"tag1\": \"value1.__STS0279_2856\"}, \"metadata\": {}, \"kmsKeyId\": \"ocid1.key.oc1.iad.annnb3f4aacuu.abuwcljsm3euxysmqg2nep57ysfjhaevswlxo43ohsvag6dgjjhfpxhu3mzq\",
      \"namespace\": \"bmcostests\"}}", "requestJson": "{\"namespaceName\": \"bmcostests\",
      \"createBucketDetails\": {\"kmsKeyId\": \"ocid1.key.oc1.iad.annnb3f4aacuu.abuwcljsm3euxysmqg2nep57ysfjhaevswlxo43ohsvag6dgjjhfpxhu3mzq\",
      \"publicAccessType\": \"NoPublicAccess\", \"compartmentId\": \"ocid1.tenancy.oc1..aaaaaaaaaodntvb6nij46dccx2dqn6a3xs563vhqm7ay5bkn4wbqvb2a3bya\",
      \"name\": \"__STS0279_9636\", \"freeformTags\": {\"tag2\": \"value2.__STS0279_2856\",
      \"tag1\": \"value1.__STS0279_2856\"}}}", "containerId": "5eaa7656-1fc3-4000-bd0c-def6dbebf469",
      "requestClass": "com.oracle.bmc.objectstorage.requests.CreateBucketRequest",
      "responseClass": "com.oracle.bmc.objectstorage.responses.CreateBucketResponse"}'
    headers:
      Accept: ['*/*']
      Accept-Encoding: ['gzip, deflate']
      Connection: [keep-alive]
      Content-Length: ['1504']
      User-Agent: [python-requests/2.18.4]
    method: POST
    uri: http://localhost:8090/SDKTestingService/response?sessionId=0279&lang=PythonCLI
  response:
    body: {string: ''}
    headers:
      Content-Length: ['0']
      Content-Type: [text/plain]
      Date: ['Tue, 11 Sep 2018 23:40:53 GMT']
      Server: [Jetty(9.2.14.v20151106)]
    status: {code: 200, message: OK}
- request:
    body: '{"name": "__STS0279_9145", "compartmentId": "ocid1.tenancy.oc1..aaaaaaaaaodntvb6nij46dccx2dqn6a3xs563vhqm7ay5bkn4wbqvb2a3bya",
      "publicAccessType": "ObjectReadWithoutList", "freeformTags": {"tag2": "value2.__STS0279_3349",
      "tag1": "value1.__STS0279_3349"}, "kmsKeyId": "ocid1.key.oc1.iad.annnb3f4aacuu.abuwcljsm3euxysmqg2nep57ysfjhaevswlxo43ohsvag6dgjjhfpxhu3mzq"}'
    headers:
      Content-Length: ['363']
      accept: [application/json]
      accept-encoding: ['gzip, deflate']
      authorization: ['Signature algorithm="rsa-sha256",headers="date (request-target)
          host content-length content-type x-content-sha256",keyId="ocid1.tenancy.oc1..aaaaaaaaaodntvb6nij46dccx2dqn6a3xs563vhqm7ay5bkn4wbqvb2a3bya/ocid1.user.oc1..aaaaaaaasvngmjbme3ja5u43czv5i2jwpbtlijbvngbeshjcnkqniitygivq/f1:00:bd:2c:70:61:6a:c6:c9:bb:cd:f1:c8:fa:81:29",signature="tYpJqRpYhBSr/a7TSVgH9hZeWIwvaJnwEVY3pR/nNBlYzGnO57LV/+++A3IertoTvP2cPJp6Pp6VhUpPoZu9eidT25NurbmHD4HlbMLkSCX4JzmTrJ8fmBi032W89IX85k9hPbb8/Vmu0UHnquA+qIOLy+oIBBjTjypP8ELtK5oX9JE7WwlNRtkbdhLILTuzZfpw+TAdvv/aglTV0raWhL2hJBHzS4f5hNOvQCE6P3gSXIpTubB/J1mNPQp8bb9PpyPiTvMbM7uah56OPOSn0VEW8Xk5YWPVzmhToQGq86V3Yieu/M+fmCff+fAh03aEXtv1pnhoK0L6vhU16dRBgA==",version="1"']
      connection: [keep-alive]
      content-type: [application/json]
      date: ['Tue, 11 Sep 2018 23:40:53 GMT']
      host: [objectstorage.us-ashburn-1.oraclecloud.com]
      opc-client-info: [Oracle-PythonSDK/2.0.3]
      opc-client-request-id: [248CB6B9B82A47FA87A3EE00DF16844B]
      opc-request-id: [3521AAB8A95449839A9E902D38FD013A]
      user-agent: [Oracle-PythonSDK/2.0.3 (python 3.5.3; x86_64-Darwin) Oracle-PythonCLI/2.4.33]
      x-content-sha256: [j2fmTHR4xK7xUS2+kgV10+XsmCgMdb29Y5yLfb39gdE=]
    method: POST
    uri: https://objectstorage.us-ashburn-1.oraclecloud.com/n/bmcostests/b/
  response:
    body: {string: '{"namespace":"bmcostests","name":"__STS0279_9145","compartmentId":"ocid1.tenancy.oc1..aaaaaaaaaodntvb6nij46dccx2dqn6a3xs563vhqm7ay5bkn4wbqvb2a3bya","createdBy":"ocid1.user.oc1..aaaaaaaasvngmjbme3ja5u43czv5i2jwpbtlijbvngbeshjcnkqniitygivq","timeCreated":"2018-09-11T23:40:53.923Z","metadata":{},"etag":"c3ea6c89-c5e1-4a04-8a87-6fe0314a9212","publicAccessType":"ObjectReadWithoutList","storageTier":"Standard","objectLevelAuditMode":"Disabled","freeformTags":{"tag1":"value1.__STS0279_3349","tag2":"value2.__STS0279_3349"},"definedTags":{},"kmsKeyId":"ocid1.key.oc1.iad.annnb3f4aacuu.abuwcljsm3euxysmqg2nep57ysfjhaevswlxo43ohsvag6dgjjhfpxhu3mzq","count":null,"size":null}'}
    headers:
      Access-Control-Allow-Credentials: ['true']
      Access-Control-Allow-Methods: ['POST,PUT,GET,HEAD,DELETE,OPTIONS']
      Access-Control-Allow-Origin: ['*']
      Access-Control-Expose-Headers: ['Access-Control-Allow-Credentials,Access-Control-Allow-Methods,Access-Control-Allow-Origin,Content-Length,Content-Type,ETag,Location,opc-client-info,opc-client-request-id,opc-request-id']
      Connection: [keep-alive]
      Content-Length: ['669']
      Content-Type: [application/json]
      Date: ['Tue, 11 Sep 2018 23:40:53 GMT']
      ETag: [c3ea6c89-c5e1-4a04-8a87-6fe0314a9212]
      Location: ['http://objectstorage.us-ashburn-1.oraclecloud.com/n/bmcostests/b/__STS0279_9145']
      opc-client-request-id: [248CB6B9B82A47FA87A3EE00DF16844B]
      opc-request-id: [df203c83-cdf2-f348-0383-087f29fd8bf5]
    status: {code: 200, message: OK}
- request:
    body: '{"responseJson": "{\"opcRequestId\": \"93A55FC3C31348459E400E05DA58179E\",
      \"etag\": \"c3ea6c89-c5e1-4a04-8a87-6fe0314a9212\", \"bucket\": {\"definedTags\":
      {}, \"etag\": \"c3ea6c89-c5e1-4a04-8a87-6fe0314a9212\", \"name\": \"__STS0279_9145\",
      \"createdBy\": \"ocid1.user.oc1..aaaaaaaasvngmjbme3ja5u43czv5i2jwpbtlijbvngbeshjcnkqniitygivq\",
      \"timeCreated\": \"2018-09-11T23:40:53.923000+00:00\", \"storageTier\": \"Standard\",
      \"compartmentId\": \"ocid1.tenancy.oc1..aaaaaaaaaodntvb6nij46dccx2dqn6a3xs563vhqm7ay5bkn4wbqvb2a3bya\",
      \"publicAccessType\": \"ObjectReadWithoutList\", \"freeformTags\": {\"tag2\":
      \"value2.__STS0279_3349\", \"tag1\": \"value1.__STS0279_3349\"}, \"metadata\":
      {}, \"kmsKeyId\": \"ocid1.key.oc1.iad.annnb3f4aacuu.abuwcljsm3euxysmqg2nep57ysfjhaevswlxo43ohsvag6dgjjhfpxhu3mzq\",
      \"namespace\": \"bmcostests\"}}", "requestJson": "{\"namespaceName\": \"bmcostests\",
      \"createBucketDetails\": {\"kmsKeyId\": \"ocid1.key.oc1.iad.annnb3f4aacuu.abuwcljsm3euxysmqg2nep57ysfjhaevswlxo43ohsvag6dgjjhfpxhu3mzq\",
      \"publicAccessType\": \"ObjectReadWithoutList\", \"compartmentId\": \"ocid1.tenancy.oc1..aaaaaaaaaodntvb6nij46dccx2dqn6a3xs563vhqm7ay5bkn4wbqvb2a3bya\",
      \"name\": \"__STS0279_9145\", \"freeformTags\": {\"tag2\": \"value2.__STS0279_3349\",
      \"tag1\": \"value1.__STS0279_3349\"}}}", "containerId": "d4a2ac94-0325-4b32-bc38-c1a3abf3d598",
      "requestClass": "com.oracle.bmc.objectstorage.requests.CreateBucketRequest",
      "responseClass": "com.oracle.bmc.objectstorage.responses.CreateBucketResponse"}'
    headers:
      Accept: ['*/*']
      Accept-Encoding: ['gzip, deflate']
      Connection: [keep-alive]
      Content-Length: ['1518']
      User-Agent: [python-requests/2.18.4]
    method: POST
    uri: http://localhost:8090/SDKTestingService/response?sessionId=0279&lang=PythonCLI
  response:
    body: {string: ''}
    headers:
      Content-Length: ['0']
      Content-Type: [text/plain]
      Date: ['Tue, 11 Sep 2018 23:40:53 GMT']
      Server: [Jetty(9.2.14.v20151106)]
    status: {code: 200, message: OK}
- request:
    body: '{"compartmentId": "ocid1.tenancy.oc1..aaaaaaaaaodntvb6nij46dccx2dqn6a3xs563vhqm7ay5bkn4wbqvb2a3bya",
      "name": "__STS0279_6557", "freeformTags": {"tag2": "value2.__STS0279_5710",
      "tag1": "value1.__STS0279_5710"}, "publicAccessType": "ObjectRead", "storageTier":
      "Archive", "kmsKeyId": "ocid1.key.oc1.iad.annnb3f4aacuu.abuwcljsm3euxysmqg2nep57ysfjhaevswlxo43ohsvag6dgjjhfpxhu3mzq"}'
    headers:
      Content-Length: ['378']
      accept: [application/json]
      accept-encoding: ['gzip, deflate']
      authorization: ['Signature algorithm="rsa-sha256",headers="date (request-target)
          host content-length content-type x-content-sha256",keyId="ocid1.tenancy.oc1..aaaaaaaaaodntvb6nij46dccx2dqn6a3xs563vhqm7ay5bkn4wbqvb2a3bya/ocid1.user.oc1..aaaaaaaasvngmjbme3ja5u43czv5i2jwpbtlijbvngbeshjcnkqniitygivq/f1:00:bd:2c:70:61:6a:c6:c9:bb:cd:f1:c8:fa:81:29",signature="ZJqa6VkihmQAJzlIitmPu64jUgWRBDnlu3LODQ0shQ4eUi+O4TOI6Tn2zUgqyqYzgYjNNJqsM5gx/1b5JcRj9iHbkiUkJxJV0y1O1v65VURxEVpOnMlEJuALFYvKDRH5892iDa9uW1pL/3Xk0WOoyn7gH5OxrovRahKS8SdOXki+RpyyTgQ9pqu34D1IH2Yaz8lKKGVg9SBqI1gc55xwJfIy/nAR+wUE5IE1/Arud/DlOTEel7g0hLAZV027P3o8K6VgsujHsJ4KexO4mM3QYq1M/PKrod6dIC1wyPXrI6QJf6viCaQgpQCDjIuMI08qtxQshyHrso8UaKpyE6ejwA==",version="1"']
      connection: [keep-alive]
      content-type: [application/json]
      date: ['Tue, 11 Sep 2018 23:40:53 GMT']
      host: [objectstorage.us-ashburn-1.oraclecloud.com]
      opc-client-info: [Oracle-PythonSDK/2.0.3]
      opc-client-request-id: [EBC9E2373405454BBE42FCF37A462B74]
      opc-request-id: [94003343150040E18CA4CA6B936A00A4]
      user-agent: [Oracle-PythonSDK/2.0.3 (python 3.5.3; x86_64-Darwin) Oracle-PythonCLI/2.4.33]
      x-content-sha256: [BxSXfQLk9t/CPSkHv2v6+EjTlsfX2uXg17coGehab7M=]
    method: POST
    uri: https://objectstorage.us-ashburn-1.oraclecloud.com/n/bmcostests/b/
  response:
    body: {string: '{"namespace":"bmcostests","name":"__STS0279_6557","compartmentId":"ocid1.tenancy.oc1..aaaaaaaaaodntvb6nij46dccx2dqn6a3xs563vhqm7ay5bkn4wbqvb2a3bya","createdBy":"ocid1.user.oc1..aaaaaaaasvngmjbme3ja5u43czv5i2jwpbtlijbvngbeshjcnkqniitygivq","timeCreated":"2018-09-11T23:40:54.332Z","metadata":{},"etag":"d517e558-9ba2-45a0-acf6-6f9216925e12","publicAccessType":"ObjectRead","storageTier":"Archive","objectLevelAuditMode":"Disabled","freeformTags":{"tag1":"value1.__STS0279_5710","tag2":"value2.__STS0279_5710"},"definedTags":{},"kmsKeyId":"ocid1.key.oc1.iad.annnb3f4aacuu.abuwcljsm3euxysmqg2nep57ysfjhaevswlxo43ohsvag6dgjjhfpxhu3mzq","count":null,"size":null}'}
    headers:
      Access-Control-Allow-Credentials: ['true']
      Access-Control-Allow-Methods: ['POST,PUT,GET,HEAD,DELETE,OPTIONS']
      Access-Control-Allow-Origin: ['*']
      Access-Control-Expose-Headers: ['Access-Control-Allow-Credentials,Access-Control-Allow-Methods,Access-Control-Allow-Origin,Content-Length,Content-Type,ETag,Location,opc-client-info,opc-client-request-id,opc-request-id']
      Connection: [keep-alive]
      Content-Length: ['657']
      Content-Type: [application/json]
      Date: ['Tue, 11 Sep 2018 23:40:54 GMT']
      ETag: [d517e558-9ba2-45a0-acf6-6f9216925e12]
      Location: ['http://objectstorage.us-ashburn-1.oraclecloud.com/n/bmcostests/b/__STS0279_6557']
      opc-client-request-id: [EBC9E2373405454BBE42FCF37A462B74]
      opc-request-id: [6e8b1666-e7be-d35f-94c8-5a05cd11ae4e]
    status: {code: 200, message: OK}
- request:
    body: '{"responseJson": "{\"opcRequestId\": \"001DD84D18354A34B7C8C7C347519A07\",
      \"etag\": \"d517e558-9ba2-45a0-acf6-6f9216925e12\", \"bucket\": {\"definedTags\":
      {}, \"etag\": \"d517e558-9ba2-45a0-acf6-6f9216925e12\", \"name\": \"__STS0279_6557\",
      \"createdBy\": \"ocid1.user.oc1..aaaaaaaasvngmjbme3ja5u43czv5i2jwpbtlijbvngbeshjcnkqniitygivq\",
      \"timeCreated\": \"2018-09-11T23:40:54.332000+00:00\", \"storageTier\": \"Archive\",
      \"compartmentId\": \"ocid1.tenancy.oc1..aaaaaaaaaodntvb6nij46dccx2dqn6a3xs563vhqm7ay5bkn4wbqvb2a3bya\",
      \"publicAccessType\": \"ObjectRead\", \"freeformTags\": {\"tag2\": \"value2.__STS0279_5710\",
      \"tag1\": \"value1.__STS0279_5710\"}, \"metadata\": {}, \"kmsKeyId\": \"ocid1.key.oc1.iad.annnb3f4aacuu.abuwcljsm3euxysmqg2nep57ysfjhaevswlxo43ohsvag6dgjjhfpxhu3mzq\",
      \"namespace\": \"bmcostests\"}}", "requestJson": "{\"namespaceName\": \"bmcostests\",
      \"createBucketDetails\": {\"compartmentId\": \"ocid1.tenancy.oc1..aaaaaaaaaodntvb6nij46dccx2dqn6a3xs563vhqm7ay5bkn4wbqvb2a3bya\",
      \"publicAccessType\": \"ObjectRead\", \"freeformTags\": {\"tag2\": \"value2.__STS0279_5710\",
      \"tag1\": \"value1.__STS0279_5710\"}, \"name\": \"__STS0279_6557\", \"kmsKeyId\":
      \"ocid1.key.oc1.iad.annnb3f4aacuu.abuwcljsm3euxysmqg2nep57ysfjhaevswlxo43ohsvag6dgjjhfpxhu3mzq\",
      \"storageTier\": \"Archive\"}}", "containerId": "160cb224-f954-4978-9aca-20812f95200d",
      "requestClass": "com.oracle.bmc.objectstorage.requests.CreateBucketRequest",
      "responseClass": "com.oracle.bmc.objectstorage.responses.CreateBucketResponse"}'
    headers:
      Accept: ['*/*']
      Accept-Encoding: ['gzip, deflate']
      Connection: [keep-alive]
      Content-Length: ['1525']
      User-Agent: [python-requests/2.18.4]
    method: POST
    uri: http://localhost:8090/SDKTestingService/response?sessionId=0279&lang=PythonCLI
  response:
    body: {string: ''}
    headers:
      Content-Length: ['0']
      Content-Type: [text/plain]
      Date: ['Tue, 11 Sep 2018 23:40:54 GMT']
      Server: [Jetty(9.2.14.v20151106)]
    status: {code: 200, message: OK}
version: 1
