interactions:
- request:
    body: null
    headers:
      Accept: ['*/*']
      Accept-Encoding: ['gzip, deflate']
      Connection: [keep-alive]
      User-Agent: [python-requests/2.18.4]
    method: GET
    uri: http://docker.for.mac.localhost:8090/SDKTestingService/request/enable?apiName=ListHostnames&serviceName=loadbalancer&lang=PythonCLI
  response:
    body: {string: 'true'}
    headers:
      Content-Length: ['4']
      Content-Type: [text/plain]
      Date: ['Wed, 05 Dec 2018 19:03:24 GMT']
      Server: [Jetty(9.2.14.v20151106)]
    status: {code: 200, message: OK}
- request:
    body: null
    headers:
      Accept: ['*/*']
      Accept-Encoding: ['gzip, deflate']
      Connection: [keep-alive]
      User-Agent: [python-requests/2.18.4]
    method: GET
    uri: http://docker.for.mac.localhost:8090/SDKTestingService/request?sessionId=0741&apiName=ListHostnames&serviceName=loadbalancer&lang=PythonCLI
  response:
    body: {string: '[{"containerId":"39c1792f-bab0-4cf1-bbc2-3898204d561d","request":{"loadBalancerId":"ocid1.loadbalancer.oc1.phx.aaaaaaaa2aewbpzc7sfv5ucfkewmp2deijyfku6s2oxualgnvvg7cbipl4oq"}},{"containerId":"d5cda4d5-e4cd-4ce9-b2ea-4e0b64e63820","request":{"loadBalancerId":"ABCDEFGHIJKLMNOPQRSTUVWXYZ"}}]'}
    headers:
      Content-Length: ['288']
      Content-Type: [application/json]
      Date: ['Wed, 05 Dec 2018 19:03:24 GMT']
      Server: [Jetty(9.2.14.v20151106)]
    status: {code: 200, message: OK}
- request:
    body: null
    headers:
      accept: [application/json]
      accept-encoding: ['gzip, deflate']
      authorization: ['Signature algorithm="rsa-sha256",headers="date (request-target)
          host",keyId="ocid1.tenancy.oc1..aaaaaaaaoenym3gwluc4hhsofqcdluhfh4xjnl3bnjnzfpq57duxmv4nm4qa/ocid1.user.oc1..aaaaaaaanxgpsb236sgq6b4aszon22yjbe5udkj3anbjkn572xymo5ou4aka/1b:0c:31:9d:64:af:16:75:84:bc:eb:54:cf:70:50:cf",signature="AEG0X1XFQZVfbdkZGpwL0RzE3su2cAx8U0X0xhrisyeT/NXWwFZSWVh1zjNmtKOZNEXBHJRdGJewTDLnwZR0JYncTx42im7K9wo7V/qAgq31Q2BzPuNbQl57dWL45xF6VYcqWtk6jTPkTNw7xWMmlvqbPUnv5swudSRBEuuo7TjxsMpGnIeiJt0O7KBFIwQtGPvj/IKoRO/Wzi2h5OEq0y1KLENfKtJy1PA1nKgCUnSK+M3PDqDjhiv0GU+Ui/FZ843e6ChDNETai08UTTJZOlbvigUCfJexdgnton3b0yk5IfTOQ4az96+V9tja6lmsP86tZRZ8tMZUHphDnybiAA==",version="1"']
      connection: [keep-alive]
      content-type: [application/json]
      date: ['Wed, 05 Dec 2018 19:03:25 GMT']
      host: [iaas.us-phoenix-1.oraclecloud.com]
      opc-client-info: [Oracle-PythonSDK/2.1.3+preview.1.515]
      opc-request-id: [903335CEB609491AA7B7766F059414DB]
      user-agent: [Oracle-PythonSDK/2.1.3+preview.1.515 (python 3.5.3; x86_64-Linux)
          Oracle-PythonCLI/2.4.40+preview.1]
    method: GET
    uri: https://iaas.us-phoenix-1.oraclecloud.com/20170115/loadBalancers/ocid1.loadbalancer.oc1.phx.aaaaaaaa2aewbpzc7sfv5ucfkewmp2deijyfku6s2oxualgnvvg7cbipl4oq/hostnames
  response:
    body: {string: "[ {\n  \"hostname\" : \"app85.oracle.com\",\n  \"name\" : \"__STS0741_2821\"\
        \n}, {\n  \"hostname\" : \"app55.oracle.com\",\n  \"name\" : \"__STS0741_2524\"\
        \n}, {\n  \"hostname\" : \"app77.oracle.com\",\n  \"name\" : \"__STS0741_6485\"\
        \n} ]"}
    headers:
      Connection: [keep-alive]
      Content-Length: ['206']
      Content-Type: [application/json]
      Date: ['Wed, 05 Dec 2018 19:03:23 GMT']
      ETag: ['-1969862505']
      Vary: [Accept-Encoding]
      X-Content-Type-Options: [nosniff]
      opc-request-id: [903335CEB609491AA7B7766F059414DB/B8FFC2C98A7FB5E381102FEF07B5A80B/510B78F8862C7A789810987FB156D3AE]
    status: {code: 200, message: OK}
- request:
    body: '{"responseJson": "{\"opcRequestId\": \"1CA5769B25294CD59469874C1E90CB94\",
      \"etag\": \"-1969862505\", \"items\": [{\"name\": \"__STS0741_2821\", \"hostname\":
      \"app85.oracle.com\"}, {\"name\": \"__STS0741_2524\", \"hostname\": \"app55.oracle.com\"},
      {\"name\": \"__STS0741_6485\", \"hostname\": \"app77.oracle.com\"}]}", "requestJson":
      "{\"loadBalancerId\": \"ocid1.loadbalancer.oc1.phx.aaaaaaaa2aewbpzc7sfv5ucfkewmp2deijyfku6s2oxualgnvvg7cbipl4oq\"}",
      "containerId": "39c1792f-bab0-4cf1-bbc2-3898204d561d", "requestClass": "com.oracle.bmc.loadbalancer.requests.ListHostnamesRequest",
      "responseClass": "com.oracle.bmc.loadbalancer.responses.ListHostnamesResponse"}'
    headers:
      Accept: ['*/*']
      Accept-Encoding: ['gzip, deflate']
      Connection: [keep-alive]
      Content-Length: ['664']
      User-Agent: [python-requests/2.18.4]
    method: POST
    uri: http://docker.for.mac.localhost:8090/SDKTestingService/response?sessionId=0741&lang=PythonCLI
  response:
    body: {string: ''}
    headers:
      Content-Length: ['0']
      Content-Type: [text/plain]
      Date: ['Wed, 05 Dec 2018 19:03:26 GMT']
      Server: [Jetty(9.2.14.v20151106)]
    status: {code: 200, message: OK}
- request:
    body: null
    headers:
      accept: [application/json]
      accept-encoding: ['gzip, deflate']
      authorization: ['Signature algorithm="rsa-sha256",headers="date (request-target)
          host",keyId="ocid1.tenancy.oc1..aaaaaaaaoenym3gwluc4hhsofqcdluhfh4xjnl3bnjnzfpq57duxmv4nm4qa/ocid1.user.oc1..aaaaaaaanxgpsb236sgq6b4aszon22yjbe5udkj3anbjkn572xymo5ou4aka/1b:0c:31:9d:64:af:16:75:84:bc:eb:54:cf:70:50:cf",signature="RT7oTiuMgCCAK5Lfysc+BgrXKhqZNxLhdKWMDFvxsvcFyG/wN3h1a0JuA9ELXCFt8H4BMstiOY5eeiCb4LN/4a3Tj7e5ed3EBhBmgEqICGA/mg9ioLM/rkbdCcXoy4RuUdAl5uqwVGTd5NMeYoum3iz5YdYzxa5Th+uqKSvHSgCj8uxSj49NgSrnn1jOcF/mgFLXYNT+NH9ca9dFza5K9ILrv3tm39GEWGWZir12fLH0AZc5Ubt2zfF3ZTVCIRVaDYx/YpAEWwzIB2bOWnyTUDbKv69VdEq5kZv3VgWufmpdlHY1zv2hvc2pChHbmwq3ZH4TXjdshmE4/FPjPcbTxQ==",version="1"']
      connection: [keep-alive]
      content-type: [application/json]
      date: ['Wed, 05 Dec 2018 19:03:26 GMT']
      host: [iaas.us-phoenix-1.oraclecloud.com]
      opc-client-info: [Oracle-PythonSDK/2.1.3+preview.1.515]
      opc-request-id: [81A35CB9CC6D4B96ADAE2A00CFF6E7D6]
      user-agent: [Oracle-PythonSDK/2.1.3+preview.1.515 (python 3.5.3; x86_64-Linux)
          Oracle-PythonCLI/2.4.40+preview.1]
    method: GET
    uri: https://iaas.us-phoenix-1.oraclecloud.com/20170115/loadBalancers/ABCDEFGHIJKLMNOPQRSTUVWXYZ/hostnames
  response:
    body: {string: "{\n  \"code\" : \"NotAuthorizedOrNotFound\",\n  \"message\" :\
        \ \"Authorization failed or requested resource not found.\"\n}"}
    headers:
      Connection: [keep-alive]
      Content-Length: ['111']
      Content-Type: [application/json]
      Date: ['Wed, 05 Dec 2018 19:03:24 GMT']
      X-Content-Type-Options: [nosniff]
      opc-request-id: [81A35CB9CC6D4B96ADAE2A00CFF6E7D6/C1CB4A4C5C8C38D9F9507EE9BE3CAA94/3BABF8DC0B846F2C7C1992A2387FB38D]
    status: {code: 404, message: Not Found}
- request:
    body: '{"requestJson": "{\"loadBalancerId\": \"ABCDEFGHIJKLMNOPQRSTUVWXYZ\"}",
      "errorJson": "{\"statusCode\": 404, \"opcRequestId\": \"81A35CB9CC6D4B96ADAE2A00CFF6E7D6/C1CB4A4C5C8C38D9F9507EE9BE3CAA94/3BABF8DC0B846F2C7C1992A2387FB38D\",
      \"code\": \"NotAuthorizedOrNotFound\", \"message\": \"Authorization failed or
      requested resource not found.\"}", "containerId": "d5cda4d5-e4cd-4ce9-b2ea-4e0b64e63820",
      "requestClass": "com.oracle.bmc.loadbalancer.requests.ListHostnamesRequest"}'
    headers:
      Accept: ['*/*']
      Accept-Encoding: ['gzip, deflate']
      Connection: [keep-alive]
      Content-Length: ['474']
      User-Agent: [python-requests/2.18.4]
    method: POST
    uri: http://docker.for.mac.localhost:8090/SDKTestingService/error?sessionId=0741&lang=PythonCLI
  response:
    body: {string: ''}
    headers:
      Content-Length: ['0']
      Content-Type: [text/plain]
      Date: ['Wed, 05 Dec 2018 19:03:26 GMT']
      Server: [Jetty(9.2.14.v20151106)]
    status: {code: 200, message: OK}
version: 1
